../Src/012i2c_slave_tx_string.c:17:6:delay	16	static
../Src/012i2c_slave_tx_string.c:22:6:I2C_delay	16	static
../Src/012i2c_slave_tx_string.c:33:6:GPIO_ButtonInit	24	static
../Src/012i2c_slave_tx_string.c:49:6:I2C1_GPIOInit	24	static
../Src/012i2c_slave_tx_string.c:71:6:I2C1_Init	8	static
../Src/012i2c_slave_tx_string.c:83:5:main	8	static
../Src/012i2c_slave_tx_string.c:110:6:I2C_ApplicationEventCallback	16	static
../Src/012i2c_slave_tx_string.c:163:6:I2C1_EV_IRQHandler	8	static
../Src/012i2c_slave_tx_string.c:168:6:I2C1_ER_IRQHandler	8	static
