Archive member included to satisfy reference by file (symbol)

c:/st/stm32cubeide_1.10.1/stm32cubeide/plugins/com.st.stm32cube.ide.mcu.externaltools.gnu-tools-for-stm32.10.3-2021.10.win32_1.0.0.202111181127/tools/bin/../lib/gcc/arm-none-eabi/10.3.1/../../../../arm-none-eabi/lib/thumb/v7e-m/nofp\libc_nano.a(lib_a-errno.o)
                              ./Src/syscalls.o (__errno)
c:/st/stm32cubeide_1.10.1/stm32cubeide/plugins/com.st.stm32cube.ide.mcu.externaltools.gnu-tools-for-stm32.10.3-2021.10.win32_1.0.0.202111181127/tools/bin/../lib/gcc/arm-none-eabi/10.3.1/../../../../arm-none-eabi/lib/thumb/v7e-m/nofp\libc_nano.a(lib_a-exit.o)
                              c:/st/stm32cubeide_1.10.1/stm32cubeide/plugins/com.st.stm32cube.ide.mcu.externaltools.gnu-tools-for-stm32.10.3-2021.10.win32_1.0.0.202111181127/tools/bin/../lib/gcc/arm-none-eabi/10.3.1/../../../../arm-none-eabi/lib/thumb/v7e-m/nofp/crt0.o (exit)
c:/st/stm32cubeide_1.10.1/stm32cubeide/plugins/com.st.stm32cube.ide.mcu.externaltools.gnu-tools-for-stm32.10.3-2021.10.win32_1.0.0.202111181127/tools/bin/../lib/gcc/arm-none-eabi/10.3.1/../../../../arm-none-eabi/lib/thumb/v7e-m/nofp\libc_nano.a(lib_a-impure.o)
                              c:/st/stm32cubeide_1.10.1/stm32cubeide/plugins/com.st.stm32cube.ide.mcu.externaltools.gnu-tools-for-stm32.10.3-2021.10.win32_1.0.0.202111181127/tools/bin/../lib/gcc/arm-none-eabi/10.3.1/../../../../arm-none-eabi/lib/thumb/v7e-m/nofp\libc_nano.a(lib_a-exit.o) (_global_impure_ptr)
c:/st/stm32cubeide_1.10.1/stm32cubeide/plugins/com.st.stm32cube.ide.mcu.externaltools.gnu-tools-for-stm32.10.3-2021.10.win32_1.0.0.202111181127/tools/bin/../lib/gcc/arm-none-eabi/10.3.1/../../../../arm-none-eabi/lib/thumb/v7e-m/nofp\libc_nano.a(lib_a-init.o)
                              c:/st/stm32cubeide_1.10.1/stm32cubeide/plugins/com.st.stm32cube.ide.mcu.externaltools.gnu-tools-for-stm32.10.3-2021.10.win32_1.0.0.202111181127/tools/bin/../lib/gcc/arm-none-eabi/10.3.1/../../../../arm-none-eabi/lib/thumb/v7e-m/nofp/crt0.o (__libc_init_array)
c:/st/stm32cubeide_1.10.1/stm32cubeide/plugins/com.st.stm32cube.ide.mcu.externaltools.gnu-tools-for-stm32.10.3-2021.10.win32_1.0.0.202111181127/tools/bin/../lib/gcc/arm-none-eabi/10.3.1/../../../../arm-none-eabi/lib/thumb/v7e-m/nofp\libc_nano.a(lib_a-memset.o)
                              c:/st/stm32cubeide_1.10.1/stm32cubeide/plugins/com.st.stm32cube.ide.mcu.externaltools.gnu-tools-for-stm32.10.3-2021.10.win32_1.0.0.202111181127/tools/bin/../lib/gcc/arm-none-eabi/10.3.1/../../../../arm-none-eabi/lib/thumb/v7e-m/nofp/crt0.o (memset)

Discarded input sections

 .text          0x0000000000000000        0x0 c:/st/stm32cubeide_1.10.1/stm32cubeide/plugins/com.st.stm32cube.ide.mcu.externaltools.gnu-tools-for-stm32.10.3-2021.10.win32_1.0.0.202111181127/tools/bin/../lib/gcc/arm-none-eabi/10.3.1/thumb/v7e-m/nofp/crti.o
 .data          0x0000000000000000        0x0 c:/st/stm32cubeide_1.10.1/stm32cubeide/plugins/com.st.stm32cube.ide.mcu.externaltools.gnu-tools-for-stm32.10.3-2021.10.win32_1.0.0.202111181127/tools/bin/../lib/gcc/arm-none-eabi/10.3.1/thumb/v7e-m/nofp/crti.o
 .bss           0x0000000000000000        0x0 c:/st/stm32cubeide_1.10.1/stm32cubeide/plugins/com.st.stm32cube.ide.mcu.externaltools.gnu-tools-for-stm32.10.3-2021.10.win32_1.0.0.202111181127/tools/bin/../lib/gcc/arm-none-eabi/10.3.1/thumb/v7e-m/nofp/crti.o
 .data          0x0000000000000000        0x4 c:/st/stm32cubeide_1.10.1/stm32cubeide/plugins/com.st.stm32cube.ide.mcu.externaltools.gnu-tools-for-stm32.10.3-2021.10.win32_1.0.0.202111181127/tools/bin/../lib/gcc/arm-none-eabi/10.3.1/thumb/v7e-m/nofp/crtbegin.o
 .rodata        0x0000000000000000       0x24 c:/st/stm32cubeide_1.10.1/stm32cubeide/plugins/com.st.stm32cube.ide.mcu.externaltools.gnu-tools-for-stm32.10.3-2021.10.win32_1.0.0.202111181127/tools/bin/../lib/gcc/arm-none-eabi/10.3.1/thumb/v7e-m/nofp/crtbegin.o
 .text          0x0000000000000000       0x7c c:/st/stm32cubeide_1.10.1/stm32cubeide/plugins/com.st.stm32cube.ide.mcu.externaltools.gnu-tools-for-stm32.10.3-2021.10.win32_1.0.0.202111181127/tools/bin/../lib/gcc/arm-none-eabi/10.3.1/../../../../arm-none-eabi/lib/thumb/v7e-m/nofp/crt0.o
 .data          0x0000000000000000        0x0 c:/st/stm32cubeide_1.10.1/stm32cubeide/plugins/com.st.stm32cube.ide.mcu.externaltools.gnu-tools-for-stm32.10.3-2021.10.win32_1.0.0.202111181127/tools/bin/../lib/gcc/arm-none-eabi/10.3.1/../../../../arm-none-eabi/lib/thumb/v7e-m/nofp/crt0.o
 .bss           0x0000000000000000        0x0 c:/st/stm32cubeide_1.10.1/stm32cubeide/plugins/com.st.stm32cube.ide.mcu.externaltools.gnu-tools-for-stm32.10.3-2021.10.win32_1.0.0.202111181127/tools/bin/../lib/gcc/arm-none-eabi/10.3.1/../../../../arm-none-eabi/lib/thumb/v7e-m/nofp/crt0.o
 .ARM.extab     0x0000000000000000        0x0 c:/st/stm32cubeide_1.10.1/stm32cubeide/plugins/com.st.stm32cube.ide.mcu.externaltools.gnu-tools-for-stm32.10.3-2021.10.win32_1.0.0.202111181127/tools/bin/../lib/gcc/arm-none-eabi/10.3.1/../../../../arm-none-eabi/lib/thumb/v7e-m/nofp/crt0.o
 .ARM.exidx     0x0000000000000000       0x10 c:/st/stm32cubeide_1.10.1/stm32cubeide/plugins/com.st.stm32cube.ide.mcu.externaltools.gnu-tools-for-stm32.10.3-2021.10.win32_1.0.0.202111181127/tools/bin/../lib/gcc/arm-none-eabi/10.3.1/../../../../arm-none-eabi/lib/thumb/v7e-m/nofp/crt0.o
 .ARM.attributes
                0x0000000000000000       0x1c c:/st/stm32cubeide_1.10.1/stm32cubeide/plugins/com.st.stm32cube.ide.mcu.externaltools.gnu-tools-for-stm32.10.3-2021.10.win32_1.0.0.202111181127/tools/bin/../lib/gcc/arm-none-eabi/10.3.1/../../../../arm-none-eabi/lib/thumb/v7e-m/nofp/crt0.o
 .group         0x0000000000000000        0xc ./Src/012i2c_slave_tx_string.o
 .group         0x0000000000000000        0xc ./Src/012i2c_slave_tx_string.o
 .group         0x0000000000000000        0xc ./Src/012i2c_slave_tx_string.o
 .group         0x0000000000000000        0xc ./Src/012i2c_slave_tx_string.o
 .group         0x0000000000000000        0xc ./Src/012i2c_slave_tx_string.o
 .group         0x0000000000000000        0xc ./Src/012i2c_slave_tx_string.o
 .group         0x0000000000000000        0xc ./Src/012i2c_slave_tx_string.o
 .group         0x0000000000000000        0xc ./Src/012i2c_slave_tx_string.o
 .group         0x0000000000000000        0xc ./Src/012i2c_slave_tx_string.o
 .group         0x0000000000000000        0xc ./Src/012i2c_slave_tx_string.o
 .group         0x0000000000000000        0xc ./Src/012i2c_slave_tx_string.o
 .group         0x0000000000000000        0xc ./Src/012i2c_slave_tx_string.o
 .group         0x0000000000000000        0xc ./Src/012i2c_slave_tx_string.o
 .group         0x0000000000000000        0xc ./Src/012i2c_slave_tx_string.o
 .group         0x0000000000000000        0xc ./Src/012i2c_slave_tx_string.o
 .group         0x0000000000000000        0xc ./Src/012i2c_slave_tx_string.o
 .group         0x0000000000000000        0xc ./Src/012i2c_slave_tx_string.o
 .group         0x0000000000000000        0xc ./Src/012i2c_slave_tx_string.o
 .group         0x0000000000000000        0xc ./Src/012i2c_slave_tx_string.o
 .group         0x0000000000000000        0xc ./Src/012i2c_slave_tx_string.o
 .group         0x0000000000000000        0xc ./Src/012i2c_slave_tx_string.o
 .group         0x0000000000000000        0xc ./Src/012i2c_slave_tx_string.o
 .group         0x0000000000000000        0xc ./Src/012i2c_slave_tx_string.o
 .group         0x0000000000000000        0xc ./Src/012i2c_slave_tx_string.o
 .group         0x0000000000000000        0xc ./Src/012i2c_slave_tx_string.o
 .group         0x0000000000000000        0xc ./Src/012i2c_slave_tx_string.o
 .group         0x0000000000000000        0xc ./Src/012i2c_slave_tx_string.o
 .group         0x0000000000000000        0xc ./Src/012i2c_slave_tx_string.o
 .group         0x0000000000000000        0xc ./Src/012i2c_slave_tx_string.o
 .group         0x0000000000000000        0xc ./Src/012i2c_slave_tx_string.o
 .group         0x0000000000000000        0xc ./Src/012i2c_slave_tx_string.o
 .group         0x0000000000000000        0xc ./Src/012i2c_slave_tx_string.o
 .group         0x0000000000000000        0xc ./Src/012i2c_slave_tx_string.o
 .group         0x0000000000000000        0xc ./Src/012i2c_slave_tx_string.o
 .group         0x0000000000000000        0xc ./Src/012i2c_slave_tx_string.o
 .group         0x0000000000000000        0xc ./Src/012i2c_slave_tx_string.o
 .group         0x0000000000000000        0xc ./Src/012i2c_slave_tx_string.o
 .group         0x0000000000000000        0xc ./Src/012i2c_slave_tx_string.o
 .group         0x0000000000000000        0xc ./Src/012i2c_slave_tx_string.o
 .group         0x0000000000000000        0xc ./Src/012i2c_slave_tx_string.o
 .group         0x0000000000000000        0xc ./Src/012i2c_slave_tx_string.o
 .group         0x0000000000000000        0xc ./Src/012i2c_slave_tx_string.o
 .group         0x0000000000000000        0xc ./Src/012i2c_slave_tx_string.o
 .text          0x0000000000000000        0x0 ./Src/012i2c_slave_tx_string.o
 .data          0x0000000000000000        0x0 ./Src/012i2c_slave_tx_string.o
 .bss           0x0000000000000000        0x0 ./Src/012i2c_slave_tx_string.o
 .text.delay    0x0000000000000000       0x2c ./Src/012i2c_slave_tx_string.o
 .text.I2C_delay
                0x0000000000000000       0x24 ./Src/012i2c_slave_tx_string.o
 .group         0x0000000000000000        0xc ./Src/syscalls.o
 .group         0x0000000000000000        0xc ./Src/syscalls.o
 .group         0x0000000000000000        0xc ./Src/syscalls.o
 .group         0x0000000000000000        0xc ./Src/syscalls.o
 .group         0x0000000000000000        0xc ./Src/syscalls.o
 .group         0x0000000000000000        0xc ./Src/syscalls.o
 .group         0x0000000000000000        0xc ./Src/syscalls.o
 .group         0x0000000000000000        0xc ./Src/syscalls.o
 .group         0x0000000000000000        0xc ./Src/syscalls.o
 .group         0x0000000000000000        0xc ./Src/syscalls.o
 .group         0x0000000000000000        0xc ./Src/syscalls.o
 .group         0x0000000000000000        0xc ./Src/syscalls.o
 .group         0x0000000000000000        0xc ./Src/syscalls.o
 .group         0x0000000000000000        0xc ./Src/syscalls.o
 .group         0x0000000000000000        0xc ./Src/syscalls.o
 .group         0x0000000000000000        0xc ./Src/syscalls.o
 .group         0x0000000000000000        0xc ./Src/syscalls.o
 .group         0x0000000000000000        0xc ./Src/syscalls.o
 .group         0x0000000000000000        0xc ./Src/syscalls.o
 .group         0x0000000000000000        0xc ./Src/syscalls.o
 .group         0x0000000000000000        0xc ./Src/syscalls.o
 .group         0x0000000000000000        0xc ./Src/syscalls.o
 .group         0x0000000000000000        0xc ./Src/syscalls.o
 .group         0x0000000000000000        0xc ./Src/syscalls.o
 .group         0x0000000000000000        0xc ./Src/syscalls.o
 .group         0x0000000000000000        0xc ./Src/syscalls.o
 .group         0x0000000000000000        0xc ./Src/syscalls.o
 .group         0x0000000000000000        0xc ./Src/syscalls.o
 .group         0x0000000000000000        0xc ./Src/syscalls.o
 .group         0x0000000000000000        0xc ./Src/syscalls.o
 .group         0x0000000000000000        0xc ./Src/syscalls.o
 .group         0x0000000000000000        0xc ./Src/syscalls.o
 .group         0x0000000000000000        0xc ./Src/syscalls.o
 .group         0x0000000000000000        0xc ./Src/syscalls.o
 .group         0x0000000000000000        0xc ./Src/syscalls.o
 .group         0x0000000000000000        0xc ./Src/syscalls.o
 .group         0x0000000000000000        0xc ./Src/syscalls.o
 .group         0x0000000000000000        0xc ./Src/syscalls.o
 .group         0x0000000000000000        0xc ./Src/syscalls.o
 .group         0x0000000000000000        0xc ./Src/syscalls.o
 .group         0x0000000000000000        0xc ./Src/syscalls.o
 .group         0x0000000000000000        0xc ./Src/syscalls.o
 .group         0x0000000000000000        0xc ./Src/syscalls.o
 .group         0x0000000000000000        0xc ./Src/syscalls.o
 .group         0x0000000000000000        0xc ./Src/syscalls.o
 .group         0x0000000000000000        0xc ./Src/syscalls.o
 .group         0x0000000000000000        0xc ./Src/syscalls.o
 .text          0x0000000000000000        0x0 ./Src/syscalls.o
 .data          0x0000000000000000        0x0 ./Src/syscalls.o
 .bss           0x0000000000000000        0x0 ./Src/syscalls.o
 .text.ITM_SendChar
                0x0000000000000000       0x4c ./Src/syscalls.o
 .bss.__env     0x0000000000000000        0x4 ./Src/syscalls.o
 .data.environ  0x0000000000000000        0x4 ./Src/syscalls.o
 .text.initialise_monitor_handles
                0x0000000000000000        0xc ./Src/syscalls.o
 .text._getpid  0x0000000000000000        0xe ./Src/syscalls.o
 .text._kill    0x0000000000000000       0x20 ./Src/syscalls.o
 .text._exit    0x0000000000000000       0x14 ./Src/syscalls.o
 .text._read    0x0000000000000000       0x3a ./Src/syscalls.o
 .text._write   0x0000000000000000       0x38 ./Src/syscalls.o
 .text._close   0x0000000000000000       0x16 ./Src/syscalls.o
 .text._fstat   0x0000000000000000       0x1e ./Src/syscalls.o
 .text._isatty  0x0000000000000000       0x14 ./Src/syscalls.o
 .text._lseek   0x0000000000000000       0x18 ./Src/syscalls.o
 .text._open    0x0000000000000000       0x1a ./Src/syscalls.o
 .text._wait    0x0000000000000000       0x1e ./Src/syscalls.o
 .text._unlink  0x0000000000000000       0x1e ./Src/syscalls.o
 .text._times   0x0000000000000000       0x16 ./Src/syscalls.o
 .text._stat    0x0000000000000000       0x1e ./Src/syscalls.o
 .text._link    0x0000000000000000       0x20 ./Src/syscalls.o
 .text._fork    0x0000000000000000       0x16 ./Src/syscalls.o
 .text._execve  0x0000000000000000       0x22 ./Src/syscalls.o
 .debug_info    0x0000000000000000      0x70f ./Src/syscalls.o
 .debug_abbrev  0x0000000000000000      0x1af ./Src/syscalls.o
 .debug_aranges
                0x0000000000000000       0xb0 ./Src/syscalls.o
 .debug_ranges  0x0000000000000000       0xa0 ./Src/syscalls.o
 .debug_macro   0x0000000000000000      0x25e ./Src/syscalls.o
 .debug_macro   0x0000000000000000      0xa78 ./Src/syscalls.o
 .debug_macro   0x0000000000000000       0x22 ./Src/syscalls.o
 .debug_macro   0x0000000000000000       0x4c ./Src/syscalls.o
 .debug_macro   0x0000000000000000       0x18 ./Src/syscalls.o
 .debug_macro   0x0000000000000000       0x94 ./Src/syscalls.o
 .debug_macro   0x0000000000000000       0x3c ./Src/syscalls.o
 .debug_macro   0x0000000000000000       0x34 ./Src/syscalls.o
 .debug_macro   0x0000000000000000       0x57 ./Src/syscalls.o
 .debug_macro   0x0000000000000000      0x174 ./Src/syscalls.o
 .debug_macro   0x0000000000000000      0x341 ./Src/syscalls.o
 .debug_macro   0x0000000000000000       0x16 ./Src/syscalls.o
 .debug_macro   0x0000000000000000       0x43 ./Src/syscalls.o
 .debug_macro   0x0000000000000000       0x34 ./Src/syscalls.o
 .debug_macro   0x0000000000000000       0x10 ./Src/syscalls.o
 .debug_macro   0x0000000000000000       0x58 ./Src/syscalls.o
 .debug_macro   0x0000000000000000       0x71 ./Src/syscalls.o
 .debug_macro   0x0000000000000000       0x1c ./Src/syscalls.o
 .debug_macro   0x0000000000000000      0x12a ./Src/syscalls.o
 .debug_macro   0x0000000000000000       0x10 ./Src/syscalls.o
 .debug_macro   0x0000000000000000       0x35 ./Src/syscalls.o
 .debug_macro   0x0000000000000000       0x10 ./Src/syscalls.o
 .debug_macro   0x0000000000000000       0x10 ./Src/syscalls.o
 .debug_macro   0x0000000000000000       0x10 ./Src/syscalls.o
 .debug_macro   0x0000000000000000       0x6a ./Src/syscalls.o
 .debug_macro   0x0000000000000000       0x1c ./Src/syscalls.o
 .debug_macro   0x0000000000000000       0x52 ./Src/syscalls.o
 .debug_macro   0x0000000000000000       0x22 ./Src/syscalls.o
 .debug_macro   0x0000000000000000       0x10 ./Src/syscalls.o
 .debug_macro   0x0000000000000000       0x52 ./Src/syscalls.o
 .debug_macro   0x0000000000000000       0xd5 ./Src/syscalls.o
 .debug_macro   0x0000000000000000       0x1c ./Src/syscalls.o
 .debug_macro   0x0000000000000000       0x3d ./Src/syscalls.o
 .debug_macro   0x0000000000000000       0x35 ./Src/syscalls.o
 .debug_macro   0x0000000000000000      0x12c ./Src/syscalls.o
 .debug_macro   0x0000000000000000       0x16 ./Src/syscalls.o
 .debug_macro   0x0000000000000000       0x16 ./Src/syscalls.o
 .debug_macro   0x0000000000000000       0x29 ./Src/syscalls.o
 .debug_macro   0x0000000000000000       0x10 ./Src/syscalls.o
 .debug_macro   0x0000000000000000      0x241 ./Src/syscalls.o
 .debug_macro   0x0000000000000000       0x1c ./Src/syscalls.o
 .debug_macro   0x0000000000000000       0x10 ./Src/syscalls.o
 .debug_macro   0x0000000000000000       0x10 ./Src/syscalls.o
 .debug_macro   0x0000000000000000       0x16 ./Src/syscalls.o
 .debug_macro   0x0000000000000000      0x145 ./Src/syscalls.o
 .debug_macro   0x0000000000000000      0x189 ./Src/syscalls.o
 .debug_macro   0x0000000000000000       0x16 ./Src/syscalls.o
 .debug_macro   0x0000000000000000       0xce ./Src/syscalls.o
 .debug_line    0x0000000000000000      0x824 ./Src/syscalls.o
 .debug_str     0x0000000000000000     0x8af7 ./Src/syscalls.o
 .comment       0x0000000000000000       0x51 ./Src/syscalls.o
 .debug_frame   0x0000000000000000      0x2d4 ./Src/syscalls.o
 .ARM.attributes
                0x0000000000000000       0x2e ./Src/syscalls.o
 .group         0x0000000000000000        0xc ./Src/sysmem.o
 .group         0x0000000000000000        0xc ./Src/sysmem.o
 .group         0x0000000000000000        0xc ./Src/sysmem.o
 .group         0x0000000000000000        0xc ./Src/sysmem.o
 .group         0x0000000000000000        0xc ./Src/sysmem.o
 .group         0x0000000000000000        0xc ./Src/sysmem.o
 .group         0x0000000000000000        0xc ./Src/sysmem.o
 .group         0x0000000000000000        0xc ./Src/sysmem.o
 .group         0x0000000000000000        0xc ./Src/sysmem.o
 .group         0x0000000000000000        0xc ./Src/sysmem.o
 .group         0x0000000000000000        0xc ./Src/sysmem.o
 .group         0x0000000000000000        0xc ./Src/sysmem.o
 .group         0x0000000000000000        0xc ./Src/sysmem.o
 .group         0x0000000000000000        0xc ./Src/sysmem.o
 .group         0x0000000000000000        0xc ./Src/sysmem.o
 .group         0x0000000000000000        0xc ./Src/sysmem.o
 .group         0x0000000000000000        0xc ./Src/sysmem.o
 .group         0x0000000000000000        0xc ./Src/sysmem.o
 .group         0x0000000000000000        0xc ./Src/sysmem.o
 .group         0x0000000000000000        0xc ./Src/sysmem.o
 .group         0x0000000000000000        0xc ./Src/sysmem.o
 .group         0x0000000000000000        0xc ./Src/sysmem.o
 .text          0x0000000000000000        0x0 ./Src/sysmem.o
 .data          0x0000000000000000        0x0 ./Src/sysmem.o
 .bss           0x0000000000000000        0x0 ./Src/sysmem.o
 .bss.__sbrk_heap_end
                0x0000000000000000        0x4 ./Src/sysmem.o
 .text._sbrk    0x0000000000000000       0x6c ./Src/sysmem.o
 .debug_info    0x0000000000000000      0x171 ./Src/sysmem.o
 .debug_abbrev  0x0000000000000000       0xbb ./Src/sysmem.o
 .debug_aranges
                0x0000000000000000       0x20 ./Src/sysmem.o
 .debug_ranges  0x0000000000000000       0x10 ./Src/sysmem.o
 .debug_macro   0x0000000000000000       0xff ./Src/sysmem.o
 .debug_macro   0x0000000000000000      0xa78 ./Src/sysmem.o
 .debug_macro   0x0000000000000000       0x10 ./Src/sysmem.o
 .debug_macro   0x0000000000000000       0x22 ./Src/sysmem.o
 .debug_macro   0x0000000000000000       0x4c ./Src/sysmem.o
 .debug_macro   0x0000000000000000       0x18 ./Src/sysmem.o
 .debug_macro   0x0000000000000000       0x94 ./Src/sysmem.o
 .debug_macro   0x0000000000000000       0x3c ./Src/sysmem.o
 .debug_macro   0x0000000000000000       0x34 ./Src/sysmem.o
 .debug_macro   0x0000000000000000      0x174 ./Src/sysmem.o
 .debug_macro   0x0000000000000000       0x16 ./Src/sysmem.o
 .debug_macro   0x0000000000000000       0x43 ./Src/sysmem.o
 .debug_macro   0x0000000000000000       0x57 ./Src/sysmem.o
 .debug_macro   0x0000000000000000       0x34 ./Src/sysmem.o
 .debug_macro   0x0000000000000000       0x10 ./Src/sysmem.o
 .debug_macro   0x0000000000000000       0x58 ./Src/sysmem.o
 .debug_macro   0x0000000000000000       0x71 ./Src/sysmem.o
 .debug_macro   0x0000000000000000       0x1c ./Src/sysmem.o
 .debug_macro   0x0000000000000000      0x12a ./Src/sysmem.o
 .debug_macro   0x0000000000000000      0x23b ./Src/sysmem.o
 .debug_macro   0x0000000000000000      0x103 ./Src/sysmem.o
 .debug_macro   0x0000000000000000       0x6a ./Src/sysmem.o
 .debug_macro   0x0000000000000000      0x1df ./Src/sysmem.o
 .debug_line    0x0000000000000000      0x4e5 ./Src/sysmem.o
 .debug_str     0x0000000000000000     0x5d85 ./Src/sysmem.o
 .comment       0x0000000000000000       0x51 ./Src/sysmem.o
 .debug_frame   0x0000000000000000       0x34 ./Src/sysmem.o
 .ARM.attributes
                0x0000000000000000       0x2e ./Src/sysmem.o
 .text          0x0000000000000000       0x14 ./Startup/startup_stm32f407vgtx.o
 .data          0x0000000000000000        0x0 ./Startup/startup_stm32f407vgtx.o
 .bss           0x0000000000000000        0x0 ./Startup/startup_stm32f407vgtx.o
 .group         0x0000000000000000        0xc ./drivers/Src/stm32f407xx_gpio_driver.o
 .group         0x0000000000000000        0xc ./drivers/Src/stm32f407xx_gpio_driver.o
 .group         0x0000000000000000        0xc ./drivers/Src/stm32f407xx_gpio_driver.o
 .group         0x0000000000000000        0xc ./drivers/Src/stm32f407xx_gpio_driver.o
 .group         0x0000000000000000        0xc ./drivers/Src/stm32f407xx_gpio_driver.o
 .group         0x0000000000000000        0xc ./drivers/Src/stm32f407xx_gpio_driver.o
 .group         0x0000000000000000        0xc ./drivers/Src/stm32f407xx_gpio_driver.o
 .group         0x0000000000000000        0xc ./drivers/Src/stm32f407xx_gpio_driver.o
 .group         0x0000000000000000        0xc ./drivers/Src/stm32f407xx_gpio_driver.o
 .group         0x0000000000000000        0xc ./drivers/Src/stm32f407xx_gpio_driver.o
 .group         0x0000000000000000        0xc ./drivers/Src/stm32f407xx_gpio_driver.o
 .group         0x0000000000000000        0xc ./drivers/Src/stm32f407xx_gpio_driver.o
 .group         0x0000000000000000        0xc ./drivers/Src/stm32f407xx_gpio_driver.o
 .text          0x0000000000000000        0x0 ./drivers/Src/stm32f407xx_gpio_driver.o
 .data          0x0000000000000000        0x0 ./drivers/Src/stm32f407xx_gpio_driver.o
 .bss           0x0000000000000000        0x0 ./drivers/Src/stm32f407xx_gpio_driver.o
 .text.GPIO_DeInit
                0x0000000000000000      0x16c ./drivers/Src/stm32f407xx_gpio_driver.o
 .text.GPIO_ReadFromInputPin
                0x0000000000000000       0x2a ./drivers/Src/stm32f407xx_gpio_driver.o
 .text.GPIO_ReadFromInputPort
                0x0000000000000000       0x1a ./drivers/Src/stm32f407xx_gpio_driver.o
 .text.GPIO_WriteToOutputPin
                0x0000000000000000       0x4e ./drivers/Src/stm32f407xx_gpio_driver.o
 .text.GPIO_WriteToOutputPort
                0x0000000000000000       0x1c ./drivers/Src/stm32f407xx_gpio_driver.o
 .text.GPIO_ToggleOutputPin
                0x0000000000000000       0x28 ./drivers/Src/stm32f407xx_gpio_driver.o
 .text.GPIO_IRQInterruptConfig
                0x0000000000000000      0x110 ./drivers/Src/stm32f407xx_gpio_driver.o
 .text.GPIO_IRQPriorityConfig
                0x0000000000000000       0x52 ./drivers/Src/stm32f407xx_gpio_driver.o
 .text.GPIO_IRQHandling
                0x0000000000000000       0x40 ./drivers/Src/stm32f407xx_gpio_driver.o
 .debug_macro   0x0000000000000000      0xa78 ./drivers/Src/stm32f407xx_gpio_driver.o
 .debug_macro   0x0000000000000000       0x22 ./drivers/Src/stm32f407xx_gpio_driver.o
 .debug_macro   0x0000000000000000      0x103 ./drivers/Src/stm32f407xx_gpio_driver.o
 .debug_macro   0x0000000000000000       0x6a ./drivers/Src/stm32f407xx_gpio_driver.o
 .debug_macro   0x0000000000000000      0x1df ./drivers/Src/stm32f407xx_gpio_driver.o
 .debug_macro   0x0000000000000000      0x174 ./drivers/Src/stm32f407xx_gpio_driver.o
 .debug_macro   0x0000000000000000      0x8fa ./drivers/Src/stm32f407xx_gpio_driver.o
 .debug_macro   0x0000000000000000       0xee ./drivers/Src/stm32f407xx_gpio_driver.o
 .debug_macro   0x0000000000000000       0x46 ./drivers/Src/stm32f407xx_gpio_driver.o
 .debug_macro   0x0000000000000000       0xc4 ./drivers/Src/stm32f407xx_gpio_driver.o
 .group         0x0000000000000000        0xc ./drivers/Src/stm32f407xx_i2c_driver.o
 .group         0x0000000000000000        0xc ./drivers/Src/stm32f407xx_i2c_driver.o
 .group         0x0000000000000000        0xc ./drivers/Src/stm32f407xx_i2c_driver.o
 .group         0x0000000000000000        0xc ./drivers/Src/stm32f407xx_i2c_driver.o
 .group         0x0000000000000000        0xc ./drivers/Src/stm32f407xx_i2c_driver.o
 .group         0x0000000000000000        0xc ./drivers/Src/stm32f407xx_i2c_driver.o
 .group         0x0000000000000000        0xc ./drivers/Src/stm32f407xx_i2c_driver.o
 .group         0x0000000000000000        0xc ./drivers/Src/stm32f407xx_i2c_driver.o
 .group         0x0000000000000000        0xc ./drivers/Src/stm32f407xx_i2c_driver.o
 .group         0x0000000000000000        0xc ./drivers/Src/stm32f407xx_i2c_driver.o
 .group         0x0000000000000000        0xc ./drivers/Src/stm32f407xx_i2c_driver.o
 .group         0x0000000000000000        0xc ./drivers/Src/stm32f407xx_i2c_driver.o
 .group         0x0000000000000000        0xc ./drivers/Src/stm32f407xx_i2c_driver.o
 .text          0x0000000000000000        0x0 ./drivers/Src/stm32f407xx_i2c_driver.o
 .data          0x0000000000000000        0x0 ./drivers/Src/stm32f407xx_i2c_driver.o
 .bss           0x0000000000000000        0x0 ./drivers/Src/stm32f407xx_i2c_driver.o
 .text.I2C_DeInit
                0x0000000000000000       0x88 ./drivers/Src/stm32f407xx_i2c_driver.o
 .text.I2C_MasterSendData
                0x0000000000000000       0xc6 ./drivers/Src/stm32f407xx_i2c_driver.o
 .text.I2C_MasterReceiveData
                0x0000000000000000      0x10e ./drivers/Src/stm32f407xx_i2c_driver.o
 .text.I2C_GenerateStartCondition
                0x0000000000000000       0x1e ./drivers/Src/stm32f407xx_i2c_driver.o
 .text.I2C_IRQPriorityConfig
                0x0000000000000000       0x52 ./drivers/Src/stm32f407xx_i2c_driver.o
 .text.I2C_MasterSendDataIT
                0x0000000000000000       0x80 ./drivers/Src/stm32f407xx_i2c_driver.o
 .text.I2C_MasterReceiveDataIT
                0x0000000000000000       0x86 ./drivers/Src/stm32f407xx_i2c_driver.o
 .text.I2C_ApplicationEventCallback
                0x0000000000000000       0x16 ./drivers/Src/stm32f407xx_i2c_driver.o
 .debug_macro   0x0000000000000000      0xa78 ./drivers/Src/stm32f407xx_i2c_driver.o
 .debug_macro   0x0000000000000000       0x22 ./drivers/Src/stm32f407xx_i2c_driver.o
 .debug_macro   0x0000000000000000       0x8e ./drivers/Src/stm32f407xx_i2c_driver.o
 .debug_macro   0x0000000000000000       0x51 ./drivers/Src/stm32f407xx_i2c_driver.o
 .debug_macro   0x0000000000000000      0x103 ./drivers/Src/stm32f407xx_i2c_driver.o
 .debug_macro   0x0000000000000000       0x6a ./drivers/Src/stm32f407xx_i2c_driver.o
 .debug_macro   0x0000000000000000      0x1df ./drivers/Src/stm32f407xx_i2c_driver.o
 .debug_macro   0x0000000000000000      0x174 ./drivers/Src/stm32f407xx_i2c_driver.o
 .debug_macro   0x0000000000000000      0x8fa ./drivers/Src/stm32f407xx_i2c_driver.o
 .debug_macro   0x0000000000000000       0xc4 ./drivers/Src/stm32f407xx_i2c_driver.o
 .debug_macro   0x0000000000000000       0xe8 ./drivers/Src/stm32f407xx_i2c_driver.o
 .debug_macro   0x0000000000000000       0x46 ./drivers/Src/stm32f407xx_i2c_driver.o
 .group         0x0000000000000000        0xc ./drivers/Src/stm32f407xx_spi_driver.o
 .group         0x0000000000000000        0xc ./drivers/Src/stm32f407xx_spi_driver.o
 .group         0x0000000000000000        0xc ./drivers/Src/stm32f407xx_spi_driver.o
 .group         0x0000000000000000        0xc ./drivers/Src/stm32f407xx_spi_driver.o
 .group         0x0000000000000000        0xc ./drivers/Src/stm32f407xx_spi_driver.o
 .group         0x0000000000000000        0xc ./drivers/Src/stm32f407xx_spi_driver.o
 .group         0x0000000000000000        0xc ./drivers/Src/stm32f407xx_spi_driver.o
 .group         0x0000000000000000        0xc ./drivers/Src/stm32f407xx_spi_driver.o
 .group         0x0000000000000000        0xc ./drivers/Src/stm32f407xx_spi_driver.o
 .group         0x0000000000000000        0xc ./drivers/Src/stm32f407xx_spi_driver.o
 .group         0x0000000000000000        0xc ./drivers/Src/stm32f407xx_spi_driver.o
 .group         0x0000000000000000        0xc ./drivers/Src/stm32f407xx_spi_driver.o
 .group         0x0000000000000000        0xc ./drivers/Src/stm32f407xx_spi_driver.o
 .text          0x0000000000000000        0x0 ./drivers/Src/stm32f407xx_spi_driver.o
 .data          0x0000000000000000        0x0 ./drivers/Src/stm32f407xx_spi_driver.o
 .bss           0x0000000000000000        0x0 ./drivers/Src/stm32f407xx_spi_driver.o
 .text.SPI_GetFLagStatus
                0x0000000000000000       0x26 ./drivers/Src/stm32f407xx_spi_driver.o
 .text.SPI_PeriClockControl
                0x0000000000000000       0xb0 ./drivers/Src/stm32f407xx_spi_driver.o
 .text.SPI_Init
                0x0000000000000000       0xbe ./drivers/Src/stm32f407xx_spi_driver.o
 .text.SPI_DeInit
                0x0000000000000000       0x88 ./drivers/Src/stm32f407xx_spi_driver.o
 .text.SPI_SendData
                0x0000000000000000       0x6e ./drivers/Src/stm32f407xx_spi_driver.o
 .text.SPI_SendDataIT
                0x0000000000000000       0x46 ./drivers/Src/stm32f407xx_spi_driver.o
 .text.SPI_ReceiveData
                0x0000000000000000       0x6e ./drivers/Src/stm32f407xx_spi_driver.o
 .text.SPI_ReceiveDataIT
                0x0000000000000000       0x46 ./drivers/Src/stm32f407xx_spi_driver.o
 .text.SPI_IRQInterruptConfig
                0x0000000000000000      0x110 ./drivers/Src/stm32f407xx_spi_driver.o
 .text.SPI_IRQPriorityConfig
                0x0000000000000000       0x52 ./drivers/Src/stm32f407xx_spi_driver.o
 .text.SPI_IRQHandling
                0x0000000000000000       0x9a ./drivers/Src/stm32f407xx_spi_driver.o
 .text.SPI_PeripheralControl
                0x0000000000000000       0x3c ./drivers/Src/stm32f407xx_spi_driver.o
 .text.SPI_SSIConfig
                0x0000000000000000       0x3c ./drivers/Src/stm32f407xx_spi_driver.o
 .text.SPI_SSOEConfig
                0x0000000000000000       0x3c ./drivers/Src/stm32f407xx_spi_driver.o
 .text.spi_txe_interrupt_handler
                0x0000000000000000       0x80 ./drivers/Src/stm32f407xx_spi_driver.o
 .text.spi_rxne_interrupt_handler
                0x0000000000000000       0x84 ./drivers/Src/stm32f407xx_spi_driver.o
 .text.spi_ovr_err_interrupt_handler
                0x0000000000000000       0x30 ./drivers/Src/stm32f407xx_spi_driver.o
 .text.SPI_ClearOVRFlag
                0x0000000000000000       0x1e ./drivers/Src/stm32f407xx_spi_driver.o
 .text.SPI_CloseTransmission
                0x0000000000000000       0x34 ./drivers/Src/stm32f407xx_spi_driver.o
 .text.SPI_CloseReception
                0x0000000000000000       0x34 ./drivers/Src/stm32f407xx_spi_driver.o
 .text.SPI_ApplicationEventCallback
                0x0000000000000000       0x16 ./drivers/Src/stm32f407xx_spi_driver.o
 .debug_info    0x0000000000000000      0x8f2 ./drivers/Src/stm32f407xx_spi_driver.o
 .debug_abbrev  0x0000000000000000      0x1d7 ./drivers/Src/stm32f407xx_spi_driver.o
 .debug_aranges
                0x0000000000000000       0xc0 ./drivers/Src/stm32f407xx_spi_driver.o
 .debug_ranges  0x0000000000000000       0xb0 ./drivers/Src/stm32f407xx_spi_driver.o
 .debug_macro   0x0000000000000000       0xb7 ./drivers/Src/stm32f407xx_spi_driver.o
 .debug_macro   0x0000000000000000      0xa78 ./drivers/Src/stm32f407xx_spi_driver.o
 .debug_macro   0x0000000000000000       0x22 ./drivers/Src/stm32f407xx_spi_driver.o
 .debug_macro   0x0000000000000000       0x8e ./drivers/Src/stm32f407xx_spi_driver.o
 .debug_macro   0x0000000000000000       0x51 ./drivers/Src/stm32f407xx_spi_driver.o
 .debug_macro   0x0000000000000000      0x103 ./drivers/Src/stm32f407xx_spi_driver.o
 .debug_macro   0x0000000000000000       0x6a ./drivers/Src/stm32f407xx_spi_driver.o
 .debug_macro   0x0000000000000000      0x1df ./drivers/Src/stm32f407xx_spi_driver.o
 .debug_macro   0x0000000000000000      0x174 ./drivers/Src/stm32f407xx_spi_driver.o
 .debug_macro   0x0000000000000000      0x8fa ./drivers/Src/stm32f407xx_spi_driver.o
 .debug_macro   0x0000000000000000       0xc4 ./drivers/Src/stm32f407xx_spi_driver.o
 .debug_macro   0x0000000000000000       0xee ./drivers/Src/stm32f407xx_spi_driver.o
 .debug_macro   0x0000000000000000       0x46 ./drivers/Src/stm32f407xx_spi_driver.o
 .debug_macro   0x0000000000000000       0xe2 ./drivers/Src/stm32f407xx_spi_driver.o
 .debug_line    0x0000000000000000      0x9c0 ./drivers/Src/stm32f407xx_spi_driver.o
 .debug_str     0x0000000000000000     0x7d8b ./drivers/Src/stm32f407xx_spi_driver.o
 .comment       0x0000000000000000       0x51 ./drivers/Src/stm32f407xx_spi_driver.o
 .debug_frame   0x0000000000000000      0x33c ./drivers/Src/stm32f407xx_spi_driver.o
 .ARM.attributes
                0x0000000000000000       0x2e ./drivers/Src/stm32f407xx_spi_driver.o
 .group         0x0000000000000000        0xc ./drivers/Src/stm32f407xx_usart_driver.o
 .group         0x0000000000000000        0xc ./drivers/Src/stm32f407xx_usart_driver.o
 .group         0x0000000000000000        0xc ./drivers/Src/stm32f407xx_usart_driver.o
 .group         0x0000000000000000        0xc ./drivers/Src/stm32f407xx_usart_driver.o
 .group         0x0000000000000000        0xc ./drivers/Src/stm32f407xx_usart_driver.o
 .group         0x0000000000000000        0xc ./drivers/Src/stm32f407xx_usart_driver.o
 .group         0x0000000000000000        0xc ./drivers/Src/stm32f407xx_usart_driver.o
 .group         0x0000000000000000        0xc ./drivers/Src/stm32f407xx_usart_driver.o
 .group         0x0000000000000000        0xc ./drivers/Src/stm32f407xx_usart_driver.o
 .group         0x0000000000000000        0xc ./drivers/Src/stm32f407xx_usart_driver.o
 .group         0x0000000000000000        0xc ./drivers/Src/stm32f407xx_usart_driver.o
 .group         0x0000000000000000        0xc ./drivers/Src/stm32f407xx_usart_driver.o
 .group         0x0000000000000000        0xc ./drivers/Src/stm32f407xx_usart_driver.o
 .text          0x0000000000000000        0x0 ./drivers/Src/stm32f407xx_usart_driver.o
 .data          0x0000000000000000        0x0 ./drivers/Src/stm32f407xx_usart_driver.o
 .bss           0x0000000000000000        0x0 ./drivers/Src/stm32f407xx_usart_driver.o
 .text.USART_GetFLagStatus
                0x0000000000000000       0x26 ./drivers/Src/stm32f407xx_usart_driver.o
 .text.USART_ClearFlag
                0x0000000000000000       0x22 ./drivers/Src/stm32f407xx_usart_driver.o
 .text.USART_PeripheralControl
                0x0000000000000000       0x36 ./drivers/Src/stm32f407xx_usart_driver.o
 .text.USART_PeriClockControl
                0x0000000000000000      0x140 ./drivers/Src/stm32f407xx_usart_driver.o
 .text.USART_IRQInterruptConfig
                0x0000000000000000      0x110 ./drivers/Src/stm32f407xx_usart_driver.o
 .text.USART_IRQPriorityConfig
                0x0000000000000000       0x52 ./drivers/Src/stm32f407xx_usart_driver.o
 .debug_info    0x0000000000000000      0x45f ./drivers/Src/stm32f407xx_usart_driver.o
 .debug_abbrev  0x0000000000000000      0x129 ./drivers/Src/stm32f407xx_usart_driver.o
 .debug_aranges
                0x0000000000000000       0x48 ./drivers/Src/stm32f407xx_usart_driver.o
 .debug_ranges  0x0000000000000000       0x38 ./drivers/Src/stm32f407xx_usart_driver.o
 .debug_macro   0x0000000000000000       0xb7 ./drivers/Src/stm32f407xx_usart_driver.o
 .debug_macro   0x0000000000000000      0xa78 ./drivers/Src/stm32f407xx_usart_driver.o
 .debug_macro   0x0000000000000000       0x22 ./drivers/Src/stm32f407xx_usart_driver.o
 .debug_macro   0x0000000000000000       0x8e ./drivers/Src/stm32f407xx_usart_driver.o
 .debug_macro   0x0000000000000000       0x51 ./drivers/Src/stm32f407xx_usart_driver.o
 .debug_macro   0x0000000000000000      0x103 ./drivers/Src/stm32f407xx_usart_driver.o
 .debug_macro   0x0000000000000000       0x6a ./drivers/Src/stm32f407xx_usart_driver.o
 .debug_macro   0x0000000000000000      0x1df ./drivers/Src/stm32f407xx_usart_driver.o
 .debug_macro   0x0000000000000000      0x174 ./drivers/Src/stm32f407xx_usart_driver.o
 .debug_macro   0x0000000000000000      0x8fa ./drivers/Src/stm32f407xx_usart_driver.o
 .debug_macro   0x0000000000000000       0xc4 ./drivers/Src/stm32f407xx_usart_driver.o
 .debug_macro   0x0000000000000000       0xe8 ./drivers/Src/stm32f407xx_usart_driver.o
 .debug_macro   0x0000000000000000       0xee ./drivers/Src/stm32f407xx_usart_driver.o
 .debug_macro   0x0000000000000000       0x40 ./drivers/Src/stm32f407xx_usart_driver.o
 .debug_line    0x0000000000000000      0x62f ./drivers/Src/stm32f407xx_usart_driver.o
 .debug_str     0x0000000000000000     0x7b41 ./drivers/Src/stm32f407xx_usart_driver.o
 .comment       0x0000000000000000       0x51 ./drivers/Src/stm32f407xx_usart_driver.o
 .debug_frame   0x0000000000000000      0x100 ./drivers/Src/stm32f407xx_usart_driver.o
 .ARM.attributes
                0x0000000000000000       0x2e ./drivers/Src/stm32f407xx_usart_driver.o
 .text          0x0000000000000000        0x0 c:/st/stm32cubeide_1.10.1/stm32cubeide/plugins/com.st.stm32cube.ide.mcu.externaltools.gnu-tools-for-stm32.10.3-2021.10.win32_1.0.0.202111181127/tools/bin/../lib/gcc/arm-none-eabi/10.3.1/../../../../arm-none-eabi/lib/thumb/v7e-m/nofp\libc_nano.a(lib_a-errno.o)
 .data          0x0000000000000000        0x0 c:/st/stm32cubeide_1.10.1/stm32cubeide/plugins/com.st.stm32cube.ide.mcu.externaltools.gnu-tools-for-stm32.10.3-2021.10.win32_1.0.0.202111181127/tools/bin/../lib/gcc/arm-none-eabi/10.3.1/../../../../arm-none-eabi/lib/thumb/v7e-m/nofp\libc_nano.a(lib_a-errno.o)
 .bss           0x0000000000000000        0x0 c:/st/stm32cubeide_1.10.1/stm32cubeide/plugins/com.st.stm32cube.ide.mcu.externaltools.gnu-tools-for-stm32.10.3-2021.10.win32_1.0.0.202111181127/tools/bin/../lib/gcc/arm-none-eabi/10.3.1/../../../../arm-none-eabi/lib/thumb/v7e-m/nofp\libc_nano.a(lib_a-errno.o)
 .text.__errno  0x0000000000000000        0xc c:/st/stm32cubeide_1.10.1/stm32cubeide/plugins/com.st.stm32cube.ide.mcu.externaltools.gnu-tools-for-stm32.10.3-2021.10.win32_1.0.0.202111181127/tools/bin/../lib/gcc/arm-none-eabi/10.3.1/../../../../arm-none-eabi/lib/thumb/v7e-m/nofp\libc_nano.a(lib_a-errno.o)
 .debug_frame   0x0000000000000000       0x20 c:/st/stm32cubeide_1.10.1/stm32cubeide/plugins/com.st.stm32cube.ide.mcu.externaltools.gnu-tools-for-stm32.10.3-2021.10.win32_1.0.0.202111181127/tools/bin/../lib/gcc/arm-none-eabi/10.3.1/../../../../arm-none-eabi/lib/thumb/v7e-m/nofp\libc_nano.a(lib_a-errno.o)
 .ARM.attributes
                0x0000000000000000       0x2e c:/st/stm32cubeide_1.10.1/stm32cubeide/plugins/com.st.stm32cube.ide.mcu.externaltools.gnu-tools-for-stm32.10.3-2021.10.win32_1.0.0.202111181127/tools/bin/../lib/gcc/arm-none-eabi/10.3.1/../../../../arm-none-eabi/lib/thumb/v7e-m/nofp\libc_nano.a(lib_a-errno.o)
 .text          0x0000000000000000        0x0 c:/st/stm32cubeide_1.10.1/stm32cubeide/plugins/com.st.stm32cube.ide.mcu.externaltools.gnu-tools-for-stm32.10.3-2021.10.win32_1.0.0.202111181127/tools/bin/../lib/gcc/arm-none-eabi/10.3.1/../../../../arm-none-eabi/lib/thumb/v7e-m/nofp\libc_nano.a(lib_a-exit.o)
 .data          0x0000000000000000        0x0 c:/st/stm32cubeide_1.10.1/stm32cubeide/plugins/com.st.stm32cube.ide.mcu.externaltools.gnu-tools-for-stm32.10.3-2021.10.win32_1.0.0.202111181127/tools/bin/../lib/gcc/arm-none-eabi/10.3.1/../../../../arm-none-eabi/lib/thumb/v7e-m/nofp\libc_nano.a(lib_a-exit.o)
 .bss           0x0000000000000000        0x0 c:/st/stm32cubeide_1.10.1/stm32cubeide/plugins/com.st.stm32cube.ide.mcu.externaltools.gnu-tools-for-stm32.10.3-2021.10.win32_1.0.0.202111181127/tools/bin/../lib/gcc/arm-none-eabi/10.3.1/../../../../arm-none-eabi/lib/thumb/v7e-m/nofp\libc_nano.a(lib_a-exit.o)
 .text.exit     0x0000000000000000       0x28 c:/st/stm32cubeide_1.10.1/stm32cubeide/plugins/com.st.stm32cube.ide.mcu.externaltools.gnu-tools-for-stm32.10.3-2021.10.win32_1.0.0.202111181127/tools/bin/../lib/gcc/arm-none-eabi/10.3.1/../../../../arm-none-eabi/lib/thumb/v7e-m/nofp\libc_nano.a(lib_a-exit.o)
 .debug_frame   0x0000000000000000       0x28 c:/st/stm32cubeide_1.10.1/stm32cubeide/plugins/com.st.stm32cube.ide.mcu.externaltools.gnu-tools-for-stm32.10.3-2021.10.win32_1.0.0.202111181127/tools/bin/../lib/gcc/arm-none-eabi/10.3.1/../../../../arm-none-eabi/lib/thumb/v7e-m/nofp\libc_nano.a(lib_a-exit.o)
 .ARM.attributes
                0x0000000000000000       0x2e c:/st/stm32cubeide_1.10.1/stm32cubeide/plugins/com.st.stm32cube.ide.mcu.externaltools.gnu-tools-for-stm32.10.3-2021.10.win32_1.0.0.202111181127/tools/bin/../lib/gcc/arm-none-eabi/10.3.1/../../../../arm-none-eabi/lib/thumb/v7e-m/nofp\libc_nano.a(lib_a-exit.o)
 .text          0x0000000000000000        0x0 c:/st/stm32cubeide_1.10.1/stm32cubeide/plugins/com.st.stm32cube.ide.mcu.externaltools.gnu-tools-for-stm32.10.3-2021.10.win32_1.0.0.202111181127/tools/bin/../lib/gcc/arm-none-eabi/10.3.1/../../../../arm-none-eabi/lib/thumb/v7e-m/nofp\libc_nano.a(lib_a-impure.o)
 .data          0x0000000000000000        0x0 c:/st/stm32cubeide_1.10.1/stm32cubeide/plugins/com.st.stm32cube.ide.mcu.externaltools.gnu-tools-for-stm32.10.3-2021.10.win32_1.0.0.202111181127/tools/bin/../lib/gcc/arm-none-eabi/10.3.1/../../../../arm-none-eabi/lib/thumb/v7e-m/nofp\libc_nano.a(lib_a-impure.o)
 .bss           0x0000000000000000        0x0 c:/st/stm32cubeide_1.10.1/stm32cubeide/plugins/com.st.stm32cube.ide.mcu.externaltools.gnu-tools-for-stm32.10.3-2021.10.win32_1.0.0.202111181127/tools/bin/../lib/gcc/arm-none-eabi/10.3.1/../../../../arm-none-eabi/lib/thumb/v7e-m/nofp\libc_nano.a(lib_a-impure.o)
 .data._impure_ptr
                0x0000000000000000        0x4 c:/st/stm32cubeide_1.10.1/stm32cubeide/plugins/com.st.stm32cube.ide.mcu.externaltools.gnu-tools-for-stm32.10.3-2021.10.win32_1.0.0.202111181127/tools/bin/../lib/gcc/arm-none-eabi/10.3.1/../../../../arm-none-eabi/lib/thumb/v7e-m/nofp\libc_nano.a(lib_a-impure.o)
 .data.impure_data
                0x0000000000000000       0x60 c:/st/stm32cubeide_1.10.1/stm32cubeide/plugins/com.st.stm32cube.ide.mcu.externaltools.gnu-tools-for-stm32.10.3-2021.10.win32_1.0.0.202111181127/tools/bin/../lib/gcc/arm-none-eabi/10.3.1/../../../../arm-none-eabi/lib/thumb/v7e-m/nofp\libc_nano.a(lib_a-impure.o)
 .rodata._global_impure_ptr
                0x0000000000000000        0x4 c:/st/stm32cubeide_1.10.1/stm32cubeide/plugins/com.st.stm32cube.ide.mcu.externaltools.gnu-tools-for-stm32.10.3-2021.10.win32_1.0.0.202111181127/tools/bin/../lib/gcc/arm-none-eabi/10.3.1/../../../../arm-none-eabi/lib/thumb/v7e-m/nofp\libc_nano.a(lib_a-impure.o)
 .ARM.attributes
                0x0000000000000000       0x2e c:/st/stm32cubeide_1.10.1/stm32cubeide/plugins/com.st.stm32cube.ide.mcu.externaltools.gnu-tools-for-stm32.10.3-2021.10.win32_1.0.0.202111181127/tools/bin/../lib/gcc/arm-none-eabi/10.3.1/../../../../arm-none-eabi/lib/thumb/v7e-m/nofp\libc_nano.a(lib_a-impure.o)
 .text          0x0000000000000000        0x0 c:/st/stm32cubeide_1.10.1/stm32cubeide/plugins/com.st.stm32cube.ide.mcu.externaltools.gnu-tools-for-stm32.10.3-2021.10.win32_1.0.0.202111181127/tools/bin/../lib/gcc/arm-none-eabi/10.3.1/../../../../arm-none-eabi/lib/thumb/v7e-m/nofp\libc_nano.a(lib_a-init.o)
 .data          0x0000000000000000        0x0 c:/st/stm32cubeide_1.10.1/stm32cubeide/plugins/com.st.stm32cube.ide.mcu.externaltools.gnu-tools-for-stm32.10.3-2021.10.win32_1.0.0.202111181127/tools/bin/../lib/gcc/arm-none-eabi/10.3.1/../../../../arm-none-eabi/lib/thumb/v7e-m/nofp\libc_nano.a(lib_a-init.o)
 .bss           0x0000000000000000        0x0 c:/st/stm32cubeide_1.10.1/stm32cubeide/plugins/com.st.stm32cube.ide.mcu.externaltools.gnu-tools-for-stm32.10.3-2021.10.win32_1.0.0.202111181127/tools/bin/../lib/gcc/arm-none-eabi/10.3.1/../../../../arm-none-eabi/lib/thumb/v7e-m/nofp\libc_nano.a(lib_a-init.o)
 .text          0x0000000000000000        0x0 c:/st/stm32cubeide_1.10.1/stm32cubeide/plugins/com.st.stm32cube.ide.mcu.externaltools.gnu-tools-for-stm32.10.3-2021.10.win32_1.0.0.202111181127/tools/bin/../lib/gcc/arm-none-eabi/10.3.1/../../../../arm-none-eabi/lib/thumb/v7e-m/nofp\libc_nano.a(lib_a-memset.o)
 .data          0x0000000000000000        0x0 c:/st/stm32cubeide_1.10.1/stm32cubeide/plugins/com.st.stm32cube.ide.mcu.externaltools.gnu-tools-for-stm32.10.3-2021.10.win32_1.0.0.202111181127/tools/bin/../lib/gcc/arm-none-eabi/10.3.1/../../../../arm-none-eabi/lib/thumb/v7e-m/nofp\libc_nano.a(lib_a-memset.o)
 .bss           0x0000000000000000        0x0 c:/st/stm32cubeide_1.10.1/stm32cubeide/plugins/com.st.stm32cube.ide.mcu.externaltools.gnu-tools-for-stm32.10.3-2021.10.win32_1.0.0.202111181127/tools/bin/../lib/gcc/arm-none-eabi/10.3.1/../../../../arm-none-eabi/lib/thumb/v7e-m/nofp\libc_nano.a(lib_a-memset.o)
 .text          0x0000000000000000        0x0 c:/st/stm32cubeide_1.10.1/stm32cubeide/plugins/com.st.stm32cube.ide.mcu.externaltools.gnu-tools-for-stm32.10.3-2021.10.win32_1.0.0.202111181127/tools/bin/../lib/gcc/arm-none-eabi/10.3.1/thumb/v7e-m/nofp/crtend.o
 .data          0x0000000000000000        0x0 c:/st/stm32cubeide_1.10.1/stm32cubeide/plugins/com.st.stm32cube.ide.mcu.externaltools.gnu-tools-for-stm32.10.3-2021.10.win32_1.0.0.202111181127/tools/bin/../lib/gcc/arm-none-eabi/10.3.1/thumb/v7e-m/nofp/crtend.o
 .bss           0x0000000000000000        0x0 c:/st/stm32cubeide_1.10.1/stm32cubeide/plugins/com.st.stm32cube.ide.mcu.externaltools.gnu-tools-for-stm32.10.3-2021.10.win32_1.0.0.202111181127/tools/bin/../lib/gcc/arm-none-eabi/10.3.1/thumb/v7e-m/nofp/crtend.o
 .rodata        0x0000000000000000       0x24 c:/st/stm32cubeide_1.10.1/stm32cubeide/plugins/com.st.stm32cube.ide.mcu.externaltools.gnu-tools-for-stm32.10.3-2021.10.win32_1.0.0.202111181127/tools/bin/../lib/gcc/arm-none-eabi/10.3.1/thumb/v7e-m/nofp/crtend.o
 .eh_frame      0x0000000000000000        0x4 c:/st/stm32cubeide_1.10.1/stm32cubeide/plugins/com.st.stm32cube.ide.mcu.externaltools.gnu-tools-for-stm32.10.3-2021.10.win32_1.0.0.202111181127/tools/bin/../lib/gcc/arm-none-eabi/10.3.1/thumb/v7e-m/nofp/crtend.o
 .ARM.attributes
                0x0000000000000000       0x2e c:/st/stm32cubeide_1.10.1/stm32cubeide/plugins/com.st.stm32cube.ide.mcu.externaltools.gnu-tools-for-stm32.10.3-2021.10.win32_1.0.0.202111181127/tools/bin/../lib/gcc/arm-none-eabi/10.3.1/thumb/v7e-m/nofp/crtend.o
 .text          0x0000000000000000        0x0 c:/st/stm32cubeide_1.10.1/stm32cubeide/plugins/com.st.stm32cube.ide.mcu.externaltools.gnu-tools-for-stm32.10.3-2021.10.win32_1.0.0.202111181127/tools/bin/../lib/gcc/arm-none-eabi/10.3.1/thumb/v7e-m/nofp/crtn.o
 .data          0x0000000000000000        0x0 c:/st/stm32cubeide_1.10.1/stm32cubeide/plugins/com.st.stm32cube.ide.mcu.externaltools.gnu-tools-for-stm32.10.3-2021.10.win32_1.0.0.202111181127/tools/bin/../lib/gcc/arm-none-eabi/10.3.1/thumb/v7e-m/nofp/crtn.o
 .bss           0x0000000000000000        0x0 c:/st/stm32cubeide_1.10.1/stm32cubeide/plugins/com.st.stm32cube.ide.mcu.externaltools.gnu-tools-for-stm32.10.3-2021.10.win32_1.0.0.202111181127/tools/bin/../lib/gcc/arm-none-eabi/10.3.1/thumb/v7e-m/nofp/crtn.o

Memory Configuration

Name             Origin             Length             Attributes
CCMRAM           0x0000000010000000 0x0000000000010000 xrw
RAM              0x0000000020000000 0x0000000000020000 xrw
FLASH            0x0000000008000000 0x0000000000100000 xr
*default*        0x0000000000000000 0xffffffffffffffff

Linker script and memory map

LOAD c:/st/stm32cubeide_1.10.1/stm32cubeide/plugins/com.st.stm32cube.ide.mcu.externaltools.gnu-tools-for-stm32.10.3-2021.10.win32_1.0.0.202111181127/tools/bin/../lib/gcc/arm-none-eabi/10.3.1/thumb/v7e-m/nofp/crti.o
LOAD c:/st/stm32cubeide_1.10.1/stm32cubeide/plugins/com.st.stm32cube.ide.mcu.externaltools.gnu-tools-for-stm32.10.3-2021.10.win32_1.0.0.202111181127/tools/bin/../lib/gcc/arm-none-eabi/10.3.1/thumb/v7e-m/nofp/crtbegin.o
LOAD c:/st/stm32cubeide_1.10.1/stm32cubeide/plugins/com.st.stm32cube.ide.mcu.externaltools.gnu-tools-for-stm32.10.3-2021.10.win32_1.0.0.202111181127/tools/bin/../lib/gcc/arm-none-eabi/10.3.1/../../../../arm-none-eabi/lib/thumb/v7e-m/nofp/crt0.o
LOAD ./Src/012i2c_slave_tx_string.o
LOAD ./Src/syscalls.o
LOAD ./Src/sysmem.o
LOAD ./Startup/startup_stm32f407vgtx.o
LOAD ./drivers/Src/stm32f407xx_gpio_driver.o
LOAD ./drivers/Src/stm32f407xx_i2c_driver.o
LOAD ./drivers/Src/stm32f407xx_spi_driver.o
LOAD ./drivers/Src/stm32f407xx_usart_driver.o
START GROUP
LOAD c:/st/stm32cubeide_1.10.1/stm32cubeide/plugins/com.st.stm32cube.ide.mcu.externaltools.gnu-tools-for-stm32.10.3-2021.10.win32_1.0.0.202111181127/tools/bin/../lib/gcc/arm-none-eabi/10.3.1/../../../../arm-none-eabi/lib/thumb/v7e-m/nofp\libc_nano.a
LOAD c:/st/stm32cubeide_1.10.1/stm32cubeide/plugins/com.st.stm32cube.ide.mcu.externaltools.gnu-tools-for-stm32.10.3-2021.10.win32_1.0.0.202111181127/tools/bin/../lib/gcc/arm-none-eabi/10.3.1/../../../../arm-none-eabi/lib/thumb/v7e-m/nofp\libm.a
END GROUP
START GROUP
LOAD c:/st/stm32cubeide_1.10.1/stm32cubeide/plugins/com.st.stm32cube.ide.mcu.externaltools.gnu-tools-for-stm32.10.3-2021.10.win32_1.0.0.202111181127/tools/bin/../lib/gcc/arm-none-eabi/10.3.1/thumb/v7e-m/nofp\libgcc.a
LOAD c:/st/stm32cubeide_1.10.1/stm32cubeide/plugins/com.st.stm32cube.ide.mcu.externaltools.gnu-tools-for-stm32.10.3-2021.10.win32_1.0.0.202111181127/tools/bin/../lib/gcc/arm-none-eabi/10.3.1/../../../../arm-none-eabi/lib/thumb/v7e-m/nofp\libc_nano.a
END GROUP
START GROUP
LOAD c:/st/stm32cubeide_1.10.1/stm32cubeide/plugins/com.st.stm32cube.ide.mcu.externaltools.gnu-tools-for-stm32.10.3-2021.10.win32_1.0.0.202111181127/tools/bin/../lib/gcc/arm-none-eabi/10.3.1/thumb/v7e-m/nofp\libgcc.a
LOAD c:/st/stm32cubeide_1.10.1/stm32cubeide/plugins/com.st.stm32cube.ide.mcu.externaltools.gnu-tools-for-stm32.10.3-2021.10.win32_1.0.0.202111181127/tools/bin/../lib/gcc/arm-none-eabi/10.3.1/../../../../arm-none-eabi/lib/thumb/v7e-m/nofp\libc_nano.a
LOAD c:/st/stm32cubeide_1.10.1/stm32cubeide/plugins/com.st.stm32cube.ide.mcu.externaltools.gnu-tools-for-stm32.10.3-2021.10.win32_1.0.0.202111181127/tools/bin/../lib/gcc/arm-none-eabi/10.3.1/../../../../arm-none-eabi/lib/thumb/v7e-m/nofp\libnosys.a
END GROUP
START GROUP
LOAD c:/st/stm32cubeide_1.10.1/stm32cubeide/plugins/com.st.stm32cube.ide.mcu.externaltools.gnu-tools-for-stm32.10.3-2021.10.win32_1.0.0.202111181127/tools/bin/../lib/gcc/arm-none-eabi/10.3.1/thumb/v7e-m/nofp\libgcc.a
LOAD c:/st/stm32cubeide_1.10.1/stm32cubeide/plugins/com.st.stm32cube.ide.mcu.externaltools.gnu-tools-for-stm32.10.3-2021.10.win32_1.0.0.202111181127/tools/bin/../lib/gcc/arm-none-eabi/10.3.1/../../../../arm-none-eabi/lib/thumb/v7e-m/nofp\libc_nano.a
LOAD c:/st/stm32cubeide_1.10.1/stm32cubeide/plugins/com.st.stm32cube.ide.mcu.externaltools.gnu-tools-for-stm32.10.3-2021.10.win32_1.0.0.202111181127/tools/bin/../lib/gcc/arm-none-eabi/10.3.1/../../../../arm-none-eabi/lib/thumb/v7e-m/nofp\libnosys.a
END GROUP
LOAD c:/st/stm32cubeide_1.10.1/stm32cubeide/plugins/com.st.stm32cube.ide.mcu.externaltools.gnu-tools-for-stm32.10.3-2021.10.win32_1.0.0.202111181127/tools/bin/../lib/gcc/arm-none-eabi/10.3.1/thumb/v7e-m/nofp/crtend.o
LOAD c:/st/stm32cubeide_1.10.1/stm32cubeide/plugins/com.st.stm32cube.ide.mcu.externaltools.gnu-tools-for-stm32.10.3-2021.10.win32_1.0.0.202111181127/tools/bin/../lib/gcc/arm-none-eabi/10.3.1/thumb/v7e-m/nofp/crtn.o
                0x0000000020020000                _estack = (ORIGIN (RAM) + LENGTH (RAM))
                0x0000000000000200                _Min_Heap_Size = 0x200
                0x0000000000000400                _Min_Stack_Size = 0x400

.isr_vector     0x0000000008000000      0x1a8
                0x0000000008000000                . = ALIGN (0x4)
 *(.isr_vector)
 .isr_vector    0x0000000008000000      0x1a8 ./Startup/startup_stm32f407vgtx.o
                0x0000000008000000                g_pfnVectors
                0x00000000080001a8                . = ALIGN (0x4)

.text           0x00000000080001a8     0x1450
                0x00000000080001a8                . = ALIGN (0x4)
 *(.text)
 .text          0x00000000080001a8       0x40 c:/st/stm32cubeide_1.10.1/stm32cubeide/plugins/com.st.stm32cube.ide.mcu.externaltools.gnu-tools-for-stm32.10.3-2021.10.win32_1.0.0.202111181127/tools/bin/../lib/gcc/arm-none-eabi/10.3.1/thumb/v7e-m/nofp/crtbegin.o
 *(.text*)
 .text.GPIO_ButtonInit
                0x00000000080001e8       0x3c ./Src/012i2c_slave_tx_string.o
                0x00000000080001e8                GPIO_ButtonInit
 .text.I2C1_GPIOInit
                0x0000000008000224       0x50 ./Src/012i2c_slave_tx_string.o
                0x0000000008000224                I2C1_GPIOInit
 .text.I2C1_Init
                0x0000000008000274       0x44 ./Src/012i2c_slave_tx_string.o
                0x0000000008000274                I2C1_Init
 .text.main     0x00000000080002b8       0x38 ./Src/012i2c_slave_tx_string.o
                0x00000000080002b8                main
 .text.I2C_ApplicationEventCallback
                0x00000000080002f0       0xd4 ./Src/012i2c_slave_tx_string.o
                0x00000000080002f0                I2C_ApplicationEventCallback
 .text.I2C1_EV_IRQHandler
                0x00000000080003c4       0x14 ./Src/012i2c_slave_tx_string.o
                0x00000000080003c4                I2C1_EV_IRQHandler
 .text.I2C1_ER_IRQHandler
                0x00000000080003d8       0x14 ./Src/012i2c_slave_tx_string.o
                0x00000000080003d8                I2C1_ER_IRQHandler
 .text.Reset_Handler
                0x00000000080003ec       0x50 ./Startup/startup_stm32f407vgtx.o
                0x00000000080003ec                Reset_Handler
 .text.Default_Handler
                0x000000000800043c        0x2 ./Startup/startup_stm32f407vgtx.o
                0x000000000800043c                RTC_Alarm_IRQHandler
                0x000000000800043c                HASH_RNG_IRQHandler
                0x000000000800043c                EXTI2_IRQHandler
                0x000000000800043c                TIM8_CC_IRQHandler
                0x000000000800043c                DebugMon_Handler
                0x000000000800043c                TIM1_CC_IRQHandler
                0x000000000800043c                DMA2_Stream5_IRQHandler
                0x000000000800043c                HardFault_Handler
                0x000000000800043c                DMA1_Stream5_IRQHandler
                0x000000000800043c                SysTick_Handler
                0x000000000800043c                PVD_IRQHandler
                0x000000000800043c                SDIO_IRQHandler
                0x000000000800043c                TAMP_STAMP_IRQHandler
                0x000000000800043c                PendSV_Handler
                0x000000000800043c                NMI_Handler
                0x000000000800043c                CAN2_RX1_IRQHandler
                0x000000000800043c                EXTI3_IRQHandler
                0x000000000800043c                TIM8_TRG_COM_TIM14_IRQHandler
                0x000000000800043c                TIM1_UP_TIM10_IRQHandler
                0x000000000800043c                TIM8_UP_TIM13_IRQHandler
                0x000000000800043c                I2C3_ER_IRQHandler
                0x000000000800043c                LCD_TFT_IRQHandler
                0x000000000800043c                EXTI0_IRQHandler
                0x000000000800043c                I2C2_EV_IRQHandler
                0x000000000800043c                DMA1_Stream2_IRQHandler
                0x000000000800043c                CAN1_RX0_IRQHandler
                0x000000000800043c                FPU_IRQHandler
                0x000000000800043c                OTG_HS_WKUP_IRQHandler
                0x000000000800043c                UsageFault_Handler
                0x000000000800043c                CAN2_SCE_IRQHandler
                0x000000000800043c                DMA2_Stream2_IRQHandler
                0x000000000800043c                SPI1_IRQHandler
                0x000000000800043c                TIM6_DAC_IRQHandler
                0x000000000800043c                TIM1_BRK_TIM9_IRQHandler
                0x000000000800043c                DCMI_IRQHandler
                0x000000000800043c                CAN2_RX0_IRQHandler
                0x000000000800043c                DMA2_Stream3_IRQHandler
                0x000000000800043c                USART6_IRQHandler
                0x000000000800043c                USART3_IRQHandler
                0x000000000800043c                CRYP_IRQHandler
                0x000000000800043c                CAN1_RX1_IRQHandler
                0x000000000800043c                UART5_IRQHandler
                0x000000000800043c                DMA2_Stream0_IRQHandler
                0x000000000800043c                TIM4_IRQHandler
                0x000000000800043c                DMA1_Stream6_IRQHandler
                0x000000000800043c                DMA1_Stream1_IRQHandler
                0x000000000800043c                UART4_IRQHandler
                0x000000000800043c                LCD_TFT_1_IRQHandler
                0x000000000800043c                TIM3_IRQHandler
                0x000000000800043c                RCC_IRQHandler
                0x000000000800043c                TIM8_BRK_TIM12_IRQHandler
                0x000000000800043c                Default_Handler
                0x000000000800043c                EXTI15_10_IRQHandler
                0x000000000800043c                ADC_IRQHandler
                0x000000000800043c                DMA1_Stream7_IRQHandler
                0x000000000800043c                TIM7_IRQHandler
                0x000000000800043c                CAN2_TX_IRQHandler
                0x000000000800043c                TIM5_IRQHandler
                0x000000000800043c                DMA2_Stream7_IRQHandler
                0x000000000800043c                I2C3_EV_IRQHandler
                0x000000000800043c                EXTI9_5_IRQHandler
                0x000000000800043c                RTC_WKUP_IRQHandler
                0x000000000800043c                ETH_WKUP_IRQHandler
                0x000000000800043c                SPI2_IRQHandler
                0x000000000800043c                OTG_HS_EP1_IN_IRQHandler
                0x000000000800043c                MemManage_Handler
                0x000000000800043c                DMA1_Stream0_IRQHandler
                0x000000000800043c                CAN1_TX_IRQHandler
                0x000000000800043c                SVC_Handler
                0x000000000800043c                EXTI4_IRQHandler
                0x000000000800043c                FSMC_IRQHandler
                0x000000000800043c                ETH_IRQHandler
                0x000000000800043c                OTG_HS_EP1_OUT_IRQHandler
                0x000000000800043c                WWDG_IRQHandler
                0x000000000800043c                TIM2_IRQHandler
                0x000000000800043c                OTG_FS_WKUP_IRQHandler
                0x000000000800043c                TIM1_TRG_COM_TIM11_IRQHandler
                0x000000000800043c                OTG_HS_IRQHandler
                0x000000000800043c                EXTI1_IRQHandler
                0x000000000800043c                USART2_IRQHandler
                0x000000000800043c                I2C2_ER_IRQHandler
                0x000000000800043c                DMA2_Stream1_IRQHandler
                0x000000000800043c                CAN1_SCE_IRQHandler
                0x000000000800043c                DMA2_Stream4_IRQHandler
                0x000000000800043c                BusFault_Handler
                0x000000000800043c                USART1_IRQHandler
                0x000000000800043c                OTG_FS_IRQHandler
                0x000000000800043c                SPI3_IRQHandler
                0x000000000800043c                DMA1_Stream4_IRQHandler
                0x000000000800043c                DMA2_Stream6_IRQHandler
                0x000000000800043c                DMA1_Stream3_IRQHandler
 *fill*         0x000000000800043e        0x2 
 .text.GPIO_PeriClockControl
                0x0000000008000440      0x1d0 ./drivers/Src/stm32f407xx_gpio_driver.o
                0x0000000008000440                GPIO_PeriClockControl
 .text.GPIO_Init
                0x0000000008000610      0x418 ./drivers/Src/stm32f407xx_gpio_driver.o
                0x0000000008000610                GPIO_Init
 .text.I2C_SlaveCallbackControl
                0x0000000008000a28       0x94 ./drivers/Src/stm32f407xx_i2c_driver.o
                0x0000000008000a28                I2C_SlaveCallbackControl
 .text.I2C_ManageAcking
                0x0000000008000abc       0x3c ./drivers/Src/stm32f407xx_i2c_driver.o
 .text.I2C_ExecuteAddressPhaseRead
                0x0000000008000af8       0x2a ./drivers/Src/stm32f407xx_i2c_driver.o
 .text.I2C_ExecuteAddressPhaseWrite
                0x0000000008000b22       0x2a ./drivers/Src/stm32f407xx_i2c_driver.o
 .text.I2C_CLearADDRFLag
                0x0000000008000b4c       0x70 ./drivers/Src/stm32f407xx_i2c_driver.o
 .text.I2C_CloseSendData
                0x0000000008000bbc       0x44 ./drivers/Src/stm32f407xx_i2c_driver.o
                0x0000000008000bbc                I2C_CloseSendData
 .text.I2C_CloseReceiveData
                0x0000000008000c00       0x5c ./drivers/Src/stm32f407xx_i2c_driver.o
                0x0000000008000c00                I2C_CloseReceiveData
 .text.RCC_GetPCLK1Value
                0x0000000008000c5c       0xd0 ./drivers/Src/stm32f407xx_i2c_driver.o
                0x0000000008000c5c                RCC_GetPCLK1Value
 .text.I2C_PeriClockControl
                0x0000000008000d2c       0xb0 ./drivers/Src/stm32f407xx_i2c_driver.o
                0x0000000008000d2c                I2C_PeriClockControl
 .text.I2C_Init
                0x0000000008000ddc      0x158 ./drivers/Src/stm32f407xx_i2c_driver.o
                0x0000000008000ddc                I2C_Init
 .text.I2C_GetFLagStatus
                0x0000000008000f34       0x26 ./drivers/Src/stm32f407xx_i2c_driver.o
                0x0000000008000f34                I2C_GetFLagStatus
 .text.I2C_GenerateStopCondition
                0x0000000008000f5a       0x1e ./drivers/Src/stm32f407xx_i2c_driver.o
                0x0000000008000f5a                I2C_GenerateStopCondition
 .text.I2C_IRQInterruptConfig
                0x0000000008000f78      0x110 ./drivers/Src/stm32f407xx_i2c_driver.o
                0x0000000008000f78                I2C_IRQInterruptConfig
 .text.I2C_PeripheralControl
                0x0000000008001088       0x5a ./drivers/Src/stm32f407xx_i2c_driver.o
                0x0000000008001088                I2C_PeripheralControl
 .text.I2C_SlaveSendData
                0x00000000080010e2       0x1c ./drivers/Src/stm32f407xx_i2c_driver.o
                0x00000000080010e2                I2C_SlaveSendData
 .text.I2C_SlaveReceiveData
                0x00000000080010fe       0x18 ./drivers/Src/stm32f407xx_i2c_driver.o
                0x00000000080010fe                I2C_SlaveReceiveData
 .text.I2C_EV_IRQHandling
                0x0000000008001116      0x366 ./drivers/Src/stm32f407xx_i2c_driver.o
                0x0000000008001116                I2C_EV_IRQHandling
 .text.I2C_ER_IRQHandling
                0x000000000800147c      0x10c ./drivers/Src/stm32f407xx_i2c_driver.o
                0x000000000800147c                I2C_ER_IRQHandling
 .text.__libc_init_array
                0x0000000008001588       0x48 c:/st/stm32cubeide_1.10.1/stm32cubeide/plugins/com.st.stm32cube.ide.mcu.externaltools.gnu-tools-for-stm32.10.3-2021.10.win32_1.0.0.202111181127/tools/bin/../lib/gcc/arm-none-eabi/10.3.1/../../../../arm-none-eabi/lib/thumb/v7e-m/nofp\libc_nano.a(lib_a-init.o)
                0x0000000008001588                __libc_init_array
 .text.memset   0x00000000080015d0       0x10 c:/st/stm32cubeide_1.10.1/stm32cubeide/plugins/com.st.stm32cube.ide.mcu.externaltools.gnu-tools-for-stm32.10.3-2021.10.win32_1.0.0.202111181127/tools/bin/../lib/gcc/arm-none-eabi/10.3.1/../../../../arm-none-eabi/lib/thumb/v7e-m/nofp\libc_nano.a(lib_a-memset.o)
                0x00000000080015d0                memset
 *(.glue_7)
 .glue_7        0x00000000080015e0        0x0 linker stubs
 *(.glue_7t)
 .glue_7t       0x00000000080015e0        0x0 linker stubs
 *(.eh_frame)
 .eh_frame      0x00000000080015e0        0x0 c:/st/stm32cubeide_1.10.1/stm32cubeide/plugins/com.st.stm32cube.ide.mcu.externaltools.gnu-tools-for-stm32.10.3-2021.10.win32_1.0.0.202111181127/tools/bin/../lib/gcc/arm-none-eabi/10.3.1/thumb/v7e-m/nofp/crtbegin.o
 *(.init)
 .init          0x00000000080015e0        0x4 c:/st/stm32cubeide_1.10.1/stm32cubeide/plugins/com.st.stm32cube.ide.mcu.externaltools.gnu-tools-for-stm32.10.3-2021.10.win32_1.0.0.202111181127/tools/bin/../lib/gcc/arm-none-eabi/10.3.1/thumb/v7e-m/nofp/crti.o
                0x00000000080015e0                _init
 .init          0x00000000080015e4        0x8 c:/st/stm32cubeide_1.10.1/stm32cubeide/plugins/com.st.stm32cube.ide.mcu.externaltools.gnu-tools-for-stm32.10.3-2021.10.win32_1.0.0.202111181127/tools/bin/../lib/gcc/arm-none-eabi/10.3.1/thumb/v7e-m/nofp/crtn.o
 *(.fini)
 .fini          0x00000000080015ec        0x4 c:/st/stm32cubeide_1.10.1/stm32cubeide/plugins/com.st.stm32cube.ide.mcu.externaltools.gnu-tools-for-stm32.10.3-2021.10.win32_1.0.0.202111181127/tools/bin/../lib/gcc/arm-none-eabi/10.3.1/thumb/v7e-m/nofp/crti.o
                0x00000000080015ec                _fini
 .fini          0x00000000080015f0        0x8 c:/st/stm32cubeide_1.10.1/stm32cubeide/plugins/com.st.stm32cube.ide.mcu.externaltools.gnu-tools-for-stm32.10.3-2021.10.win32_1.0.0.202111181127/tools/bin/../lib/gcc/arm-none-eabi/10.3.1/thumb/v7e-m/nofp/crtn.o
                0x00000000080015f8                . = ALIGN (0x4)
                0x00000000080015f8                _etext = .

.vfp11_veneer   0x00000000080015f8        0x0
 .vfp11_veneer  0x00000000080015f8        0x0 linker stubs

.v4_bx          0x00000000080015f8        0x0
 .v4_bx         0x00000000080015f8        0x0 linker stubs

.iplt           0x00000000080015f8        0x0
 .iplt          0x00000000080015f8        0x0 c:/st/stm32cubeide_1.10.1/stm32cubeide/plugins/com.st.stm32cube.ide.mcu.externaltools.gnu-tools-for-stm32.10.3-2021.10.win32_1.0.0.202111181127/tools/bin/../lib/gcc/arm-none-eabi/10.3.1/thumb/v7e-m/nofp/crtbegin.o

.rodata         0x00000000080015f8       0xf4
                0x00000000080015f8                . = ALIGN (0x4)
 *(.rodata)
 *(.rodata*)
 .rodata.buffer
                0x00000000080015f8       0xf4 ./Src/012i2c_slave_tx_string.o
                0x00000000080015f8                buffer
                0x00000000080016ec                . = ALIGN (0x4)

.rel.dyn        0x00000000080016ec        0x0
 .rel.iplt      0x00000000080016ec        0x0 c:/st/stm32cubeide_1.10.1/stm32cubeide/plugins/com.st.stm32cube.ide.mcu.externaltools.gnu-tools-for-stm32.10.3-2021.10.win32_1.0.0.202111181127/tools/bin/../lib/gcc/arm-none-eabi/10.3.1/thumb/v7e-m/nofp/crtbegin.o

.ARM.extab      0x00000000080016ec        0x0
                0x00000000080016ec                . = ALIGN (0x4)
 *(.ARM.extab* .gnu.linkonce.armextab.*)
                0x00000000080016ec                . = ALIGN (0x4)

.ARM            0x00000000080016ec        0x0
                0x00000000080016ec                . = ALIGN (0x4)
                0x00000000080016ec                __exidx_start = .
 *(.ARM.exidx*)
                0x00000000080016ec                __exidx_end = .
                0x00000000080016ec                . = ALIGN (0x4)

.preinit_array  0x00000000080016ec        0x0
                0x00000000080016ec                . = ALIGN (0x4)
                0x00000000080016ec                PROVIDE (__preinit_array_start = .)
 *(.preinit_array*)
                0x00000000080016ec                PROVIDE (__preinit_array_end = .)
                0x00000000080016ec                . = ALIGN (0x4)

.init_array     0x00000000080016ec        0x4
                0x00000000080016ec                . = ALIGN (0x4)
                0x00000000080016ec                PROVIDE (__init_array_start = .)
 *(SORT_BY_NAME(.init_array.*))
 *(.init_array*)
 .init_array    0x00000000080016ec        0x4 c:/st/stm32cubeide_1.10.1/stm32cubeide/plugins/com.st.stm32cube.ide.mcu.externaltools.gnu-tools-for-stm32.10.3-2021.10.win32_1.0.0.202111181127/tools/bin/../lib/gcc/arm-none-eabi/10.3.1/thumb/v7e-m/nofp/crtbegin.o
                0x00000000080016f0                PROVIDE (__init_array_end = .)
                0x00000000080016f0                . = ALIGN (0x4)

.fini_array     0x00000000080016f0        0x4
                0x00000000080016f0                . = ALIGN (0x4)
                [!provide]                        PROVIDE (__fini_array_start = .)
 *(SORT_BY_NAME(.fini_array.*))
 *(.fini_array*)
 .fini_array    0x00000000080016f0        0x4 c:/st/stm32cubeide_1.10.1/stm32cubeide/plugins/com.st.stm32cube.ide.mcu.externaltools.gnu-tools-for-stm32.10.3-2021.10.win32_1.0.0.202111181127/tools/bin/../lib/gcc/arm-none-eabi/10.3.1/thumb/v7e-m/nofp/crtbegin.o
                [!provide]                        PROVIDE (__fini_array_end = .)
                0x00000000080016f4                . = ALIGN (0x4)
                0x00000000080016f4                _sidata = LOADADDR (.data)

.data           0x0000000020000000        0x4 load address 0x00000000080016f4
                0x0000000020000000                . = ALIGN (0x4)
                0x0000000020000000                _sdata = .
 *(.data)
 *(.data*)
 .data.len.0    0x0000000020000000        0x1 ./Src/012i2c_slave_tx_string.o
 *(.RamFunc)
 *(.RamFunc*)
                0x0000000020000004                . = ALIGN (0x4)
 *fill*         0x0000000020000001        0x3 
                0x0000000020000004                _edata = .
                0x00000000080016f8                _siccmram = LOADADDR (.ccmram)

.igot.plt       0x0000000020000004        0x0 load address 0x00000000080016f8
 .igot.plt      0x0000000020000004        0x0 c:/st/stm32cubeide_1.10.1/stm32cubeide/plugins/com.st.stm32cube.ide.mcu.externaltools.gnu-tools-for-stm32.10.3-2021.10.win32_1.0.0.202111181127/tools/bin/../lib/gcc/arm-none-eabi/10.3.1/thumb/v7e-m/nofp/crtbegin.o

.ccmram         0x0000000010000000        0x0 load address 0x00000000080016f8
                0x0000000010000000                . = ALIGN (0x4)
                0x0000000010000000                _sccmram = .
 *(.ccmram)
 *(.ccmram*)
                0x0000000010000000                . = ALIGN (0x4)
                0x0000000010000000                _eccmram = .
                0x0000000010000000                . = ALIGN (0x4)

.bss            0x0000000020000004       0x48
                0x0000000020000004                _sbss = .
                0x0000000020000004                __bss_start__ = _sbss
 *(.bss)
 .bss           0x0000000020000004       0x1c c:/st/stm32cubeide_1.10.1/stm32cubeide/plugins/com.st.stm32cube.ide.mcu.externaltools.gnu-tools-for-stm32.10.3-2021.10.win32_1.0.0.202111181127/tools/bin/../lib/gcc/arm-none-eabi/10.3.1/thumb/v7e-m/nofp/crtbegin.o
 *(.bss*)
 .bss.I2C1Handle
                0x0000000020000020       0x28 ./Src/012i2c_slave_tx_string.o
                0x0000000020000020                I2C1Handle
 .bss.command.2
                0x0000000020000048        0x1 ./Src/012i2c_slave_tx_string.o
 .bss.count.1   0x0000000020000049        0x1 ./Src/012i2c_slave_tx_string.o
 *(COMMON)
                0x000000002000004c                . = ALIGN (0x4)
 *fill*         0x000000002000004a        0x2 
                0x000000002000004c                _ebss = .
                0x000000002000004c                __bss_end__ = _ebss

._user_heap_stack
                0x000000002000004c      0x604
                0x0000000020000050                . = ALIGN (0x8)
 *fill*         0x000000002000004c        0x4 
                [!provide]                        PROVIDE (end = .)
                0x0000000020000050                PROVIDE (_end = .)
                0x0000000020000250                . = (. + _Min_Heap_Size)
 *fill*         0x0000000020000050      0x200 
                0x0000000020000650                . = (. + _Min_Stack_Size)
 *fill*         0x0000000020000250      0x400 
                0x0000000020000650                . = ALIGN (0x8)

/DISCARD/
 libc.a(*)
 libm.a(*)
 libgcc.a(*)

.ARM.attributes
                0x0000000000000000       0x2a
 *(.ARM.attributes)
 .ARM.attributes
                0x0000000000000000       0x1e c:/st/stm32cubeide_1.10.1/stm32cubeide/plugins/com.st.stm32cube.ide.mcu.externaltools.gnu-tools-for-stm32.10.3-2021.10.win32_1.0.0.202111181127/tools/bin/../lib/gcc/arm-none-eabi/10.3.1/thumb/v7e-m/nofp/crti.o
 .ARM.attributes
                0x000000000000001e       0x2e c:/st/stm32cubeide_1.10.1/stm32cubeide/plugins/com.st.stm32cube.ide.mcu.externaltools.gnu-tools-for-stm32.10.3-2021.10.win32_1.0.0.202111181127/tools/bin/../lib/gcc/arm-none-eabi/10.3.1/thumb/v7e-m/nofp/crtbegin.o
 .ARM.attributes
                0x000000000000004c       0x2e ./Src/012i2c_slave_tx_string.o
 .ARM.attributes
                0x000000000000007a       0x21 ./Startup/startup_stm32f407vgtx.o
 .ARM.attributes
                0x000000000000009b       0x2e ./drivers/Src/stm32f407xx_gpio_driver.o
 .ARM.attributes
                0x00000000000000c9       0x2e ./drivers/Src/stm32f407xx_i2c_driver.o
 .ARM.attributes
                0x00000000000000f7       0x2e c:/st/stm32cubeide_1.10.1/stm32cubeide/plugins/com.st.stm32cube.ide.mcu.externaltools.gnu-tools-for-stm32.10.3-2021.10.win32_1.0.0.202111181127/tools/bin/../lib/gcc/arm-none-eabi/10.3.1/../../../../arm-none-eabi/lib/thumb/v7e-m/nofp\libc_nano.a(lib_a-init.o)
 .ARM.attributes
                0x0000000000000125       0x2e c:/st/stm32cubeide_1.10.1/stm32cubeide/plugins/com.st.stm32cube.ide.mcu.externaltools.gnu-tools-for-stm32.10.3-2021.10.win32_1.0.0.202111181127/tools/bin/../lib/gcc/arm-none-eabi/10.3.1/../../../../arm-none-eabi/lib/thumb/v7e-m/nofp\libc_nano.a(lib_a-memset.o)
 .ARM.attributes
                0x0000000000000153       0x1e c:/st/stm32cubeide_1.10.1/stm32cubeide/plugins/com.st.stm32cube.ide.mcu.externaltools.gnu-tools-for-stm32.10.3-2021.10.win32_1.0.0.202111181127/tools/bin/../lib/gcc/arm-none-eabi/10.3.1/thumb/v7e-m/nofp/crtn.o
OUTPUT(stm32f4xx_drivers.elf elf32-littlearm)
LOAD linker stubs
LOAD c:/st/stm32cubeide_1.10.1/stm32cubeide/plugins/com.st.stm32cube.ide.mcu.externaltools.gnu-tools-for-stm32.10.3-2021.10.win32_1.0.0.202111181127/tools/bin/../lib/gcc/arm-none-eabi/10.3.1/../../../../arm-none-eabi/lib/thumb/v7e-m/nofp\libc.a
LOAD c:/st/stm32cubeide_1.10.1/stm32cubeide/plugins/com.st.stm32cube.ide.mcu.externaltools.gnu-tools-for-stm32.10.3-2021.10.win32_1.0.0.202111181127/tools/bin/../lib/gcc/arm-none-eabi/10.3.1/../../../../arm-none-eabi/lib/thumb/v7e-m/nofp\libm.a
LOAD c:/st/stm32cubeide_1.10.1/stm32cubeide/plugins/com.st.stm32cube.ide.mcu.externaltools.gnu-tools-for-stm32.10.3-2021.10.win32_1.0.0.202111181127/tools/bin/../lib/gcc/arm-none-eabi/10.3.1/thumb/v7e-m/nofp\libgcc.a

.debug_info     0x0000000000000000     0x18b3
 .debug_info    0x0000000000000000      0x614 ./Src/012i2c_slave_tx_string.o
 .debug_info    0x0000000000000614       0x22 ./Startup/startup_stm32f407vgtx.o
 .debug_info    0x0000000000000636      0x75f ./drivers/Src/stm32f407xx_gpio_driver.o
 .debug_info    0x0000000000000d95      0xb1e ./drivers/Src/stm32f407xx_i2c_driver.o

.debug_abbrev   0x0000000000000000      0x56d
 .debug_abbrev  0x0000000000000000      0x1b9 ./Src/012i2c_slave_tx_string.o
 .debug_abbrev  0x00000000000001b9       0x12 ./Startup/startup_stm32f407vgtx.o
 .debug_abbrev  0x00000000000001cb      0x1a8 ./drivers/Src/stm32f407xx_gpio_driver.o
 .debug_abbrev  0x0000000000000373      0x1fa ./drivers/Src/stm32f407xx_i2c_driver.o

.debug_aranges  0x0000000000000000      0x1e0
 .debug_aranges
                0x0000000000000000       0x60 ./Src/012i2c_slave_tx_string.o
 .debug_aranges
                0x0000000000000060       0x28 ./Startup/startup_stm32f407vgtx.o
 .debug_aranges
                0x0000000000000088       0x70 ./drivers/Src/stm32f407xx_gpio_driver.o
 .debug_aranges
                0x00000000000000f8       0xe8 ./drivers/Src/stm32f407xx_i2c_driver.o

.debug_ranges   0x0000000000000000      0x1a8
 .debug_ranges  0x0000000000000000       0x50 ./Src/012i2c_slave_tx_string.o
 .debug_ranges  0x0000000000000050       0x20 ./Startup/startup_stm32f407vgtx.o
 .debug_ranges  0x0000000000000070       0x60 ./drivers/Src/stm32f407xx_gpio_driver.o
 .debug_ranges  0x00000000000000d0       0xd8 ./drivers/Src/stm32f407xx_i2c_driver.o

.debug_macro    0x0000000000000000     0x2d79
 .debug_macro   0x0000000000000000      0x242 ./Src/012i2c_slave_tx_string.o
 .debug_macro   0x0000000000000242      0xa78 ./Src/012i2c_slave_tx_string.o
 .debug_macro   0x0000000000000cba       0x22 ./Src/012i2c_slave_tx_string.o
 .debug_macro   0x0000000000000cdc       0x4c ./Src/012i2c_slave_tx_string.o
 .debug_macro   0x0000000000000d28       0x18 ./Src/012i2c_slave_tx_string.o
 .debug_macro   0x0000000000000d40       0x94 ./Src/012i2c_slave_tx_string.o
 .debug_macro   0x0000000000000dd4       0x3c ./Src/012i2c_slave_tx_string.o
 .debug_macro   0x0000000000000e10       0x34 ./Src/012i2c_slave_tx_string.o
 .debug_macro   0x0000000000000e44       0x16 ./Src/012i2c_slave_tx_string.o
 .debug_macro   0x0000000000000e5a       0x57 ./Src/012i2c_slave_tx_string.o
 .debug_macro   0x0000000000000eb1       0x97 ./Src/012i2c_slave_tx_string.o
 .debug_macro   0x0000000000000f48      0x341 ./Src/012i2c_slave_tx_string.o
 .debug_macro   0x0000000000001289       0xfd ./Src/012i2c_slave_tx_string.o
 .debug_macro   0x0000000000001386       0x10 ./Src/012i2c_slave_tx_string.o
 .debug_macro   0x0000000000001396       0x16 ./Src/012i2c_slave_tx_string.o
 .debug_macro   0x00000000000013ac       0x43 ./Src/012i2c_slave_tx_string.o
 .debug_macro   0x00000000000013ef       0x34 ./Src/012i2c_slave_tx_string.o
 .debug_macro   0x0000000000001423       0x10 ./Src/012i2c_slave_tx_string.o
 .debug_macro   0x0000000000001433       0x58 ./Src/012i2c_slave_tx_string.o
 .debug_macro   0x000000000000148b       0x71 ./Src/012i2c_slave_tx_string.o
 .debug_macro   0x00000000000014fc       0x1c ./Src/012i2c_slave_tx_string.o
 .debug_macro   0x0000000000001518      0x12a ./Src/012i2c_slave_tx_string.o
 .debug_macro   0x0000000000001642       0x10 ./Src/012i2c_slave_tx_string.o
 .debug_macro   0x0000000000001652       0x6a ./Src/012i2c_slave_tx_string.o
 .debug_macro   0x00000000000016bc       0x1c ./Src/012i2c_slave_tx_string.o
 .debug_macro   0x00000000000016d8       0x52 ./Src/012i2c_slave_tx_string.o
 .debug_macro   0x000000000000172a       0x22 ./Src/012i2c_slave_tx_string.o
 .debug_macro   0x000000000000174c       0x10 ./Src/012i2c_slave_tx_string.o
 .debug_macro   0x000000000000175c       0x52 ./Src/012i2c_slave_tx_string.o
 .debug_macro   0x00000000000017ae       0xd5 ./Src/012i2c_slave_tx_string.o
 .debug_macro   0x0000000000001883       0x1c ./Src/012i2c_slave_tx_string.o
 .debug_macro   0x000000000000189f       0x3d ./Src/012i2c_slave_tx_string.o
 .debug_macro   0x00000000000018dc       0x16 ./Src/012i2c_slave_tx_string.o
 .debug_macro   0x00000000000018f2      0x145 ./Src/012i2c_slave_tx_string.o
 .debug_macro   0x0000000000001a37       0x16 ./Src/012i2c_slave_tx_string.o
 .debug_macro   0x0000000000001a4d       0x35 ./Src/012i2c_slave_tx_string.o
 .debug_macro   0x0000000000001a82       0x20 ./Src/012i2c_slave_tx_string.o
 .debug_macro   0x0000000000001aa2      0x103 ./Src/012i2c_slave_tx_string.o
 .debug_macro   0x0000000000001ba5      0x1df ./Src/012i2c_slave_tx_string.o
 .debug_macro   0x0000000000001d84      0x8fa ./Src/012i2c_slave_tx_string.o
 .debug_macro   0x000000000000267e       0xc4 ./Src/012i2c_slave_tx_string.o
 .debug_macro   0x0000000000002742       0xe8 ./Src/012i2c_slave_tx_string.o
 .debug_macro   0x000000000000282a       0xee ./Src/012i2c_slave_tx_string.o
 .debug_macro   0x0000000000002918       0x46 ./Src/012i2c_slave_tx_string.o
 .debug_macro   0x000000000000295e       0xbb ./drivers/Src/stm32f407xx_gpio_driver.o
 .debug_macro   0x0000000000002a19       0x8e ./drivers/Src/stm32f407xx_gpio_driver.o
 .debug_macro   0x0000000000002aa7       0x51 ./drivers/Src/stm32f407xx_gpio_driver.o
 .debug_macro   0x0000000000002af8       0xe2 ./drivers/Src/stm32f407xx_gpio_driver.o
 .debug_macro   0x0000000000002bda       0xb7 ./drivers/Src/stm32f407xx_i2c_driver.o
 .debug_macro   0x0000000000002c91       0xe8 ./drivers/Src/stm32f407xx_i2c_driver.o

.debug_line     0x0000000000000000     0x2090
 .debug_line    0x0000000000000000      0x7c1 ./Src/012i2c_slave_tx_string.o
 .debug_line    0x00000000000007c1       0x84 ./Startup/startup_stm32f407vgtx.o
 .debug_line    0x0000000000000845      0xa00 ./drivers/Src/stm32f407xx_gpio_driver.o
 .debug_line    0x0000000000001245      0xe4b ./drivers/Src/stm32f407xx_i2c_driver.o

.debug_str      0x0000000000000000     0xbd98
 .debug_str     0x0000000000000000     0xb87a ./Src/012i2c_slave_tx_string.o
                                       0xbaa8 (size before relaxing)
 .debug_str     0x000000000000b87a       0x31 ./Startup/startup_stm32f407vgtx.o
                                         0x83 (size before relaxing)
 .debug_str     0x000000000000b8ab      0x2b5 ./drivers/Src/stm32f407xx_gpio_driver.o
                                       0x7ce0 (size before relaxing)
 .debug_str     0x000000000000bb60      0x238 ./drivers/Src/stm32f407xx_i2c_driver.o
                                       0x7ea4 (size before relaxing)

.comment        0x0000000000000000       0x50
 .comment       0x0000000000000000       0x50 ./Src/012i2c_slave_tx_string.o
                                         0x51 (size before relaxing)
 .comment       0x0000000000000050       0x51 ./drivers/Src/stm32f407xx_gpio_driver.o
 .comment       0x0000000000000050       0x51 ./drivers/Src/stm32f407xx_i2c_driver.o

.debug_frame    0x0000000000000000      0x75c
 .debug_frame   0x0000000000000000      0x13c ./Src/012i2c_slave_tx_string.o
 .debug_frame   0x000000000000013c      0x1d4 ./drivers/Src/stm32f407xx_gpio_driver.o
 .debug_frame   0x0000000000000310      0x400 ./drivers/Src/stm32f407xx_i2c_driver.o
 .debug_frame   0x0000000000000710       0x2c c:/st/stm32cubeide_1.10.1/stm32cubeide/plugins/com.st.stm32cube.ide.mcu.externaltools.gnu-tools-for-stm32.10.3-2021.10.win32_1.0.0.202111181127/tools/bin/../lib/gcc/arm-none-eabi/10.3.1/../../../../arm-none-eabi/lib/thumb/v7e-m/nofp\libc_nano.a(lib_a-init.o)
 .debug_frame   0x000000000000073c       0x20 c:/st/stm32cubeide_1.10.1/stm32cubeide/plugins/com.st.stm32cube.ide.mcu.externaltools.gnu-tools-for-stm32.10.3-2021.10.win32_1.0.0.202111181127/tools/bin/../lib/gcc/arm-none-eabi/10.3.1/../../../../arm-none-eabi/lib/thumb/v7e-m/nofp\libc_nano.a(lib_a-memset.o)
